[04:33:30] [INFO] Ping server Minecraft aquamc.vn:25565 ...
[04:33:30] [OK]   Server ONLINE | Latency: 180ms | Players: 244/2026 | Version: Velocity 1.7.2-26.2
[04:33:35] [INFO] Khoi tao Web Dashboard (ttyd port 7681)...
[04:33:36] [WARN] Da co ttyd port 7681 (PID: 366407) — kiem tra lai...
[04:33:36] [OK]   1/3 Tien trinh ttyd dang chay (PID: 366407)
[04:33:36] [OK]   2/3 Port 7681 dang lang nghe
[04:33:36] [OK]   3/3 HTTP phan hoi ma 200
[04:33:36] [WARN] Phat hien 8 ttyd cu (port 7682-7689) tro toi session mc_bot_* da chet — co the don trong muc 3 hoac clean_system.
[04:33:36] [INFO] Dang dong ttyd (PID: 366407, port 7681)...
[04:33:37] [OK]   Da tat Web Dashboard — port 7681 da dong
[04:33:37] [INFO] Khoi tao Web Dashboard (ttyd port 7681)...
[04:33:38] [OK]   1/3 Tien trinh ttyd dang chay (PID: 1280254)
[04:33:38] [OK]   2/3 Port 7681 dang lang nghe
[04:33:38] [OK]   3/3 HTTP phan hoi ma 200
[04:33:38] [WARN] Phat hien 8 ttyd cu (port 7682-7689) tro toi session mc_bot_* da chet — co the don trong muc 3 hoac clean_system.
[04:35:20] [INFO] ========== KHOI DONG DAN BOT ==========
[04:35:20] [OK]   1. Doc accounts.json: 1 bot
[04:35:20] [OK]   2. Tim thay ./MinecraftClient (executable)
[04:35:20] [INFO] 3. Kiem tra server truoc khi chay...
[04:35:20] [INFO] Ping server Minecraft aquamc.vn:25565 ...
[04:35:21] [OK]   Server ONLINE | Latency: 152ms | Players: 246/2026 | Version: Velocity 1.7.2-26.2
[04:35:21] [OK]   Server san sang
[04:35:21] [INFO] Tao thu muc scripts/ (chua co)
[04:35:21] [OK]   Da copy 3 file login_*.txt vao scripts/ (truoc day thieu — bot se khong login duoc neu thieu)
[04:35:21] [OK]   [BOT khoablabla] san sang: khoablabla.sh (script: login_khoablabla.txt)
[04:35:21] [INFO] 4. Tao window 'MinecraftBots' trong tmux...
[04:35:22] [OK]   Window MinecraftBots da tao
[04:35:22] [INFO] 5. So process MinecraftClient truoc khi chay: 0
0
[04:35:22] [INFO] [BOT 1/1] Nap lenh: khoablabla -> khoablabla.sh
[04:35:22] [INFO] Thuc thi script cho bot cuoi (cho 5s)...
[04:35:29] [INFO] 6. Cho 15s de cac bot ket noi xong roi kiem tra...
[04:36:00] [INFO] === TAT DAN BOT ===
[04:36:00] [INFO] Process MinecraftClient dang chay: 0
[04:36:01] [OK]   Da tat toan bo bot (truoc: 0 process -> sau: 0)
[04:36:01] [OK]   Web Dashboard: ONLINE  -> http://localhost:7681 | LAN: http://192.168.1.3:7681
[04:36:01] [INFO] Ping server Minecraft aquamc.vn:25565 ...
[04:36:02] [OK]   Server ONLINE | Latency: 167ms | Players: 246/2026 | Version: Velocity 1.7.2-26.2
[04:36:02] [WARN] Window MinecraftBots: khong ton tai | process MinecraftClient: 0 — tat ca bot dang TAT
[04:36:02] [WARN] ttyd PID 85819 -> session 'mc_bot_huidwa' KHONG ton tai (ttyd chet, port so)
[04:36:02] [WARN] ttyd PID 85828 -> session 'mc_bot_geasf' KHONG ton tai (ttyd chet, port so)
[04:36:02] [WARN] ttyd PID 85837 -> session 'mc_bot_ikujtyhfg' KHONG ton tai (ttyd chet, port so)
[04:36:02] [WARN] ttyd PID 85846 -> session 'mc_bot_dhwaod' KHONG ton tai (ttyd chet, port so)
[04:36:02] [WARN] ttyd PID 85855 -> session 'mc_bot_djaiwp' KHONG ton tai (ttyd chet, port so)
[04:36:02] [WARN] ttyd PID 85864 -> session 'mc_bot_dnwauif' KHONG ton tai (ttyd chet, port so)
[04:36:02] [WARN] ttyd PID 85873 -> session 'mc_bot_dpawjdw' KHONG ton tai (ttyd chet, port so)
[04:36:02] [WARN] ttyd PID 85882 -> session 'mc_bot_hdoiwa' KHONG ton tai (ttyd chet, port so)
[04:36:02] [INFO] ttyd: 1 hop le | 8 chet (khoi dong lai web hoac muc 3 se don)
[04:36:32] [INFO] ========== KHOI DONG DAN BOT ==========
[04:36:32] [OK]   1. Doc accounts.json: 1 bot
[04:36:32] [OK]   2. Tim thay ./MinecraftClient (executable)
[04:36:32] [INFO] 3. Kiem tra server truoc khi chay...
[04:36:32] [INFO] Ping server Minecraft aquamc.vn:25565 ...
[04:36:32] [OK]   Server ONLINE | Latency: 172ms | Players: 246/2026 | Version: Velocity 1.7.2-26.2
[04:36:32] [OK]   Server san sang
[04:36:32] [OK]   [BOT khoablabla] san sang: khoablabla.sh (script: login_khoablabla.txt)
[04:36:32] [INFO] 4. Tao window 'MinecraftBots' trong tmux...
[04:36:33] [OK]   Window MinecraftBots da tao
[04:36:33] [INFO] 5. So process MinecraftClient truoc khi chay: 0
[04:36:33] [INFO] [BOT 1/1] Nap lenh: khoablabla -> khoablabla.sh
[04:36:33] [INFO] Thuc thi script cho bot cuoi (cho 5s)...
[04:36:40] [INFO] 6. Cho 15s de cac bot ket noi xong roi kiem tra...
[04:36:55] [INFO] So process MinecraftClient sau khi chay: 0 (tang 0)
[04:36:55] [WARN] BOT [khoablabla] dang khoi dong/ket noi lai — dong cuoi: bot master ? ✗
[04:36:55] [INFO] KET QUA: 0 ONLINE | 0 LOI | 1 dang cho (xem chi tiet: muc 5)
[04:36:55] [OK]   HOAN TAT KHOI CHAY. Theo doi: http://localhost:7681 (tab Bots) hoac 'tmux attach -t mc_bots'
[04:38:36] [INFO] ========== KHOI DONG DAN BOT ==========
[04:38:36] [OK]   1. Doc accounts.json: 1 bot
[04:38:36] [OK]   2. Tim thay ./MinecraftClient (executable)
[04:38:36] [INFO] 3. Kiem tra server truoc khi chay...
[04:38:36] [INFO] Ping server Minecraft aquamc.vn:25565 ...
[04:38:36] [OK]   Server ONLINE | Latency: 237ms | Players: 244/2026 | Version: Velocity 1.7.2-26.2
[04:38:36] [OK]   Server san sang
[04:38:36] [OK]   [BOT khoablabla] san sang: ./khoablabla.sh (script: login_khoablabla.txt)
[04:38:36] [INFO] 4. Tao window 'MinecraftBots' trong tmux...
[04:38:38] [OK]   Window MinecraftBots da tao
[04:38:38] [INFO] 5. So process MinecraftClient truoc khi chay: 0
[04:38:38] [INFO] [BOT 1/1] Nap lenh: khoablabla -> ./khoablabla.sh
[04:38:38] [INFO] Thuc thi script cho bot cuoi (cho 5s)...
[04:38:45] [INFO] 6. Cho 15s de cac bot ket noi xong roi kiem tra...
[04:39:00] [INFO] So process MinecraftClient sau khi chay: 1 (tang 1)
[04:39:00] [WARN] BOT [khoablabla] dang khoi dong/ket noi lai — dong cuoi: 
[04:39:00] [INFO] KET QUA: 0 ONLINE | 0 LOI | 1 dang cho (xem chi tiet: muc 5)
[04:39:00] [OK]   HOAN TAT KHOI CHAY. Theo doi: http://localhost:7681 (tab Bots) hoac 'tmux attach -t mc_bots'
[04:40:22] [INFO] === TAT DAN BOT ===
[04:40:22] [INFO] Process MinecraftClient dang chay: 1
[04:40:23] [OK]   Da tat toan bo bot (truoc: 1 process -> sau: 0)
[04:40:23] [INFO] ========== KHOI DONG DAN BOT ==========
[04:40:23] [OK]   1. Doc accounts.json: 1 bot
[04:40:23] [OK]   2. Tim thay ./MinecraftClient (executable)
[04:40:23] [INFO] 3. Kiem tra server truoc khi chay...
[04:40:23] [INFO] Ping server Minecraft aquamc.vn:25565 ...
[04:40:23] [OK]   Server ONLINE | Latency: 185ms | Players: 244/2026 | Version: Velocity 1.7.2-26.2
[04:40:23] [OK]   Server san sang
[04:40:23] [OK]   [BOT khoablabla] san sang: ./khoablabla.sh (script: login_khoablabla.txt)
[04:40:23] [INFO] 4. Tao window 'MinecraftBots' trong tmux...
[04:40:24] [OK]   Window MinecraftBots da tao
[04:40:24] [INFO] 5. So process MinecraftClient truoc khi chay: 0
[04:40:24] [INFO] [BOT 1/1] Nap lenh: khoablabla -> ./khoablabla.sh
[04:40:24] [INFO] Thuc thi script cho bot cuoi (cho 5s)...
[04:40:31] [INFO] 6. Cho 15s de cac bot ket noi xong roi kiem tra...
[04:40:46] [INFO] So process MinecraftClient sau khi chay: 1 (tang 1)
[04:40:46] [OK]   BOT [khoablabla] ONLINE — bang chung: ▌[+] tson2000 ⇝ oh hell noo
[04:40:46] [INFO] KET QUA: 1 ONLINE | 0 LOI | 0 dang cho (xem chi tiet: muc 5)
[04:40:46] [OK]   HOAN TAT KHOI CHAY. Theo doi: http://localhost:7681 (tab Bots) hoac 'tmux attach -t mc_bots'
[04:40:52] [OK]   Web Dashboard: ONLINE  -> http://localhost:7681 | LAN: http://192.168.1.3:7681
[04:40:52] [INFO] Ping server Minecraft aquamc.vn:25565 ...
[04:40:52] [OK]   Server ONLINE | Latency: 152ms | Players: 244/2026 | Version: Velocity 1.7.2-26.2
[04:40:52] [OK]   Window MinecraftBots: dang mo | process MinecraftClient: 1
[04:40:52] [WARN] ttyd PID 85819 -> session 'mc_bot_huidwa' KHONG ton tai (ttyd chet, port so)
[04:40:52] [WARN] ttyd PID 85828 -> session 'mc_bot_geasf' KHONG ton tai (ttyd chet, port so)
[04:40:52] [WARN] ttyd PID 85837 -> session 'mc_bot_ikujtyhfg' KHONG ton tai (ttyd chet, port so)
[04:40:52] [WARN] ttyd PID 85846 -> session 'mc_bot_dhwaod' KHONG ton tai (ttyd chet, port so)
[04:40:52] [WARN] ttyd PID 85855 -> session 'mc_bot_djaiwp' KHONG ton tai (ttyd chet, port so)
[04:40:52] [WARN] ttyd PID 85864 -> session 'mc_bot_dnwauif' KHONG ton tai (ttyd chet, port so)
[04:40:52] [WARN] ttyd PID 85873 -> session 'mc_bot_dpawjdw' KHONG ton tai (ttyd chet, port so)
[04:40:52] [WARN] ttyd PID 85882 -> session 'mc_bot_hdoiwa' KHONG ton tai (ttyd chet, port so)
[04:40:52] [INFO] ttyd: 1 hop le | 8 chet (khoi dong lai web hoac muc 3 se don)
[04:41:08] [INFO] === TAT DAN BOT ===
[04:41:08] [INFO] Process MinecraftClient dang chay: 1
[04:41:09] [OK]   Da tat toan bo bot (truoc: 1 process -> sau: 0)
[04:41:20] [INFO] ========== KHOI DONG DAN BOT ==========
[04:41:20] [OK]   1. Doc accounts.json: 9 bot
[04:41:20] [OK]   2. Tim thay ./MinecraftClient (executable)
[04:41:20] [INFO] 3. Kiem tra server truoc khi chay...
[04:41:20] [INFO] Ping server Minecraft aquamc.vn:25565 ...
[04:41:20] [OK]   Server ONLINE | Latency: 227ms | Players: 244/2026 | Version: Velocity 1.7.2-26.2
[04:41:20] [OK]   Server san sang
[04:41:20] [OK]   [BOT huidwa] san sang: ./huidwa.sh (script: login_afk.txt)
[04:41:20] [OK]   [BOT geasf] san sang: ./geasf.sh (script: login_afk.txt)
[04:41:20] [OK]   [BOT ikujtyhfg] san sang: ./ikujtyhfg.sh (script: login_ikujtyhfg.txt)
[04:41:20] [OK]   [BOT dhwaod] san sang: ./dhwaod.sh (script: login_afk.txt)
[04:41:20] [OK]   [BOT djaiwp] san sang: ./djaiwp.sh (script: login_afk.txt)
[04:41:20] [OK]   [BOT dnwauif] san sang: ./dnwauif.sh (script: login_afk.txt)
[04:41:20] [OK]   [BOT dpawjdw] san sang: ./dpawjdw.sh (script: login_afk.txt)
[04:41:20] [OK]   [BOT hdoiwa] san sang: ./hdoiwa.sh (script: login_afk.txt)
[04:41:20] [OK]   [BOT khoablabla] san sang: ./khoablabla.sh (script: login_khoablabla.txt)
[04:41:20] [INFO] 4. Tao window 'MinecraftBots' trong tmux...
[04:41:21] [OK]   Window MinecraftBots da tao
[04:41:21] [INFO] 5. So process MinecraftClient truoc khi chay: 0
[04:41:21] [INFO] [BOT 1/9] Nap lenh: huidwa -> ./huidwa.sh
[04:41:21] [INFO] [BOT 2/9] Nap lenh: geasf (cho 5s...)
[04:41:26] [INFO] [BOT 3/9] Nap lenh: ikujtyhfg (cho 5s...)
[04:41:31] [INFO] [BOT 4/9] Nap lenh: dhwaod (cho 5s...)
[04:41:36] [INFO] [BOT 5/9] Nap lenh: djaiwp (cho 5s...)
[04:41:42] [INFO] [BOT 6/9] Nap lenh: dnwauif (cho 5s...)
[04:41:47] [INFO] [BOT 7/9] Nap lenh: dpawjdw (cho 5s...)
[04:41:52] [INFO] [BOT 8/9] Nap lenh: hdoiwa (cho 5s...)
[04:41:57] [INFO] [BOT 9/9] Nap lenh: khoablabla (cho 5s...)
[04:42:02] [INFO] Thuc thi script cho bot cuoi (cho 5s)...
[04:42:09] [INFO] 6. Cho 15s de cac bot ket noi xong roi kiem tra...
[04:42:24] [INFO] So process MinecraftClient sau khi chay: 9 (tang 9)
[04:42:24] [WARN] BOT [huidwa] dang khoi dong/ket noi lai — dong cuoi: ▌[+] tson2000 ⇝ é é
[04:42:24] [LOI]  BOT [geasf] LOI — bang chung: ecraft Console Client.
[04:42:24] [WARN] BOT [ikujtyhfg] dang khoi dong/ket noi lai — dong cuoi: ▌[+] tson2000 ⇝ é é
[04:42:24] [LOI]  BOT [dhwaod] LOI — bang chung: ecraft Console Client.
[04:42:24] [WARN] BOT [djaiwp] dang khoi dong/ket noi lai — dong cuoi: ▌[+] tson2000 ⇝ é é
[04:42:24] [WARN] BOT [dnwauif] dang khoi dong/ket noi lai — dong cuoi: ▌[+] tson2000 ⇝ é é
[04:42:24] [WARN] BOT [dpawjdw] dang khoi dong/ket noi lai — dong cuoi: ▌[+] tson2000 ⇝ é é
[04:42:24] [WARN] BOT [hdoiwa] dang khoi dong/ket noi lai — dong cuoi: ▌[+] tson2000 ⇝ é é
[04:42:24] [WARN] BOT [khoablabla] dang khoi dong/ket noi lai — dong cuoi: ▌[+] tson2000 ⇝ é é
[04:42:24] [INFO] KET QUA: 0 ONLINE | 2 LOI | 7 dang cho (xem chi tiet: muc 5)
[04:42:24] [OK]   HOAN TAT KHOI CHAY. Theo doi: http://localhost:7681 (tab Bots) hoac 'tmux attach -t mc_bots'
[04:43:47] [OK]   Web Dashboard: ONLINE  -> http://localhost:7681 | LAN: http://192.168.1.3:7681
[04:43:47] [INFO] Ping server Minecraft aquamc.vn:25565 ...
[04:43:47] [OK]   Server ONLINE | Latency: 216ms | Players: 258/2026 | Version: Velocity 1.7.2-26.2
[04:43:47] [OK]   Window MinecraftBots: dang mo | process MinecraftClient: 9
[04:43:48] [WARN] ttyd PID 85819 -> session 'mc_bot_huidwa' KHONG ton tai (ttyd chet, port so)
[04:43:48] [WARN] ttyd PID 85828 -> session 'mc_bot_geasf' KHONG ton tai (ttyd chet, port so)
[04:43:48] [WARN] ttyd PID 85837 -> session 'mc_bot_ikujtyhfg' KHONG ton tai (ttyd chet, port so)
[04:43:48] [WARN] ttyd PID 85846 -> session 'mc_bot_dhwaod' KHONG ton tai (ttyd chet, port so)
[04:43:48] [WARN] ttyd PID 85855 -> session 'mc_bot_djaiwp' KHONG ton tai (ttyd chet, port so)
[04:43:48] [WARN] ttyd PID 85864 -> session 'mc_bot_dnwauif' KHONG ton tai (ttyd chet, port so)
[04:43:48] [WARN] ttyd PID 85873 -> session 'mc_bot_dpawjdw' KHONG ton tai (ttyd chet, port so)
[04:43:48] [WARN] ttyd PID 85882 -> session 'mc_bot_hdoiwa' KHONG ton tai (ttyd chet, port so)
[04:43:48] [INFO] ttyd: 1 hop le | 8 chet (khoi dong lai web hoac muc 3 se don)
[04:44:09] [INFO] === TAT DAN BOT ===
[04:44:09] [INFO] Process MinecraftClient dang chay: 9
[04:44:10] [OK]   Da tat toan bo bot (truoc: 9 process -> sau: 0)
[04:44:10] [INFO] ========== KHOI DONG DAN BOT ==========
[04:44:10] [OK]   1. Doc accounts.json: 9 bot
[04:44:10] [OK]   2. Tim thay ./MinecraftClient (executable)
[04:44:10] [INFO] 3. Kiem tra server truoc khi chay...
[04:44:10] [INFO] Ping server Minecraft aquamc.vn:25565 ...
[04:44:10] [OK]   Server ONLINE | Latency: 155ms | Players: 244/2026 | Version: Velocity 1.7.2-26.2
[04:44:10] [OK]   Server san sang
[04:44:10] [OK]   [BOT huidwa] san sang: ./huidwa.sh (script: login_afk.txt)
[04:44:10] [OK]   [BOT geasf] san sang: ./geasf.sh (script: login_afk.txt)
[04:44:10] [OK]   [BOT ikujtyhfg] san sang: ./ikujtyhfg.sh (script: login_ikujtyhfg.txt)
[04:44:10] [OK]   [BOT dhwaod] san sang: ./dhwaod.sh (script: login_afk.txt)
[04:44:10] [OK]   [BOT djaiwp] san sang: ./djaiwp.sh (script: login_afk.txt)
[04:44:10] [OK]   [BOT dnwauif] san sang: ./dnwauif.sh (script: login_afk.txt)
[04:44:10] [OK]   [BOT dpawjdw] san sang: ./dpawjdw.sh (script: login_afk.txt)
[04:44:10] [OK]   [BOT hdoiwa] san sang: ./hdoiwa.sh (script: login_afk.txt)
[04:44:10] [OK]   [BOT khoablabla] san sang: ./khoablabla.sh (script: login_khoablabla.txt)
[04:44:10] [INFO] 4. Tao window 'MinecraftBots' trong tmux...
[04:44:11] [OK]   Window MinecraftBots da tao
[04:44:11] [INFO] 5. So process MinecraftClient truoc khi chay: 0
[04:44:11] [INFO] [BOT 1/9] Nap lenh: huidwa -> ./huidwa.sh
[04:44:11] [INFO] [BOT 2/9] Nap lenh: geasf (cho 5s...)
[04:44:16] [INFO] [BOT 3/9] Nap lenh: ikujtyhfg (cho 5s...)
[04:44:21] [INFO] [BOT 4/9] Nap lenh: dhwaod (cho 5s...)
[04:44:26] [INFO] [BOT 5/9] Nap lenh: djaiwp (cho 5s...)
[04:44:31] [INFO] [BOT 6/9] Nap lenh: dnwauif (cho 5s...)
[04:44:36] [INFO] [BOT 7/9] Nap lenh: dpawjdw (cho 5s...)
[04:44:41] [INFO] [BOT 8/9] Nap lenh: hdoiwa (cho 5s...)
[04:44:46] [INFO] [BOT 9/9] Nap lenh: khoablabla (cho 5s...)
[04:44:51] [INFO] Thuc thi script cho bot cuoi (cho 5s)...
[04:44:59] [INFO] 6. Cho 15s de cac bot ket noi xong roi kiem tra...
[04:45:14] [INFO] So process MinecraftClient sau khi chay: 9 (tang 9)
[04:45:14] [WARN] BOT [huidwa] dang khoi dong/ket noi lai — dong cuoi: ▌[+] _TGHD_ ⇝ t can xo nc
[04:45:14] [LOI]  BOT [geasf] LOI — bang chung: 
[04:45:14] [WARN] BOT [ikujtyhfg] dang khoi dong/ket noi lai — dong cuoi: ▌[+] _TGHD_ ⇝ t can xo nc
[04:45:14] [WARN] BOT [dhwaod] dang khoi dong/ket noi lai — dong cuoi: ▌[+] _TGHD_ ⇝ t can xo nc
[04:45:14] [WARN] BOT [djaiwp] dang khoi dong/ket noi lai — dong cuoi: ▌[+] _TGHD_ ⇝ t can xo nc
[04:45:14] [WARN] BOT [dnwauif] dang khoi dong/ket noi lai — dong cuoi: ▌[+] _TGHD_ ⇝ t can xo nc
[04:45:14] [WARN] BOT [dpawjdw] dang khoi dong/ket noi lai — dong cuoi: ▌[+] _TGHD_ ⇝ t can xo nc
[04:45:14] [LOI]  BOT [hdoiwa] LOI — bang chung: 
[04:45:14] [WARN] BOT [khoablabla] dang khoi dong/ket noi lai — dong cuoi: ▌[+] _TGHD_ ⇝ t can xo nc
[04:45:14] [INFO] KET QUA: 0 ONLINE | 2 LOI | 7 dang cho (xem chi tiet: muc 5)
[04:45:14] [OK]   HOAN TAT KHOI CHAY. Theo doi: http://localhost:7681 (tab Bots) hoac 'tmux attach -t mc_bots'
[04:45:29] [OK]   Web Dashboard: ONLINE  -> http://localhost:7681 | LAN: http://192.168.1.3:7681
[04:45:29] [INFO] Ping server Minecraft aquamc.vn:25565 ...
[04:45:29] [OK]   Server ONLINE | Latency: 145ms | Players: 256/2026 | Version: Velocity 1.7.2-26.2
[04:45:29] [OK]   Window MinecraftBots: dang mo | process MinecraftClient: 9
[04:45:30] [WARN] ttyd PID 85819 -> session 'mc_bot_huidwa' KHONG ton tai (ttyd chet, port so)
[04:45:30] [WARN] ttyd PID 85828 -> session 'mc_bot_geasf' KHONG ton tai (ttyd chet, port so)
[04:45:30] [WARN] ttyd PID 85837 -> session 'mc_bot_ikujtyhfg' KHONG ton tai (ttyd chet, port so)
[04:45:30] [WARN] ttyd PID 85846 -> session 'mc_bot_dhwaod' KHONG ton tai (ttyd chet, port so)
[04:45:30] [WARN] ttyd PID 85855 -> session 'mc_bot_djaiwp' KHONG ton tai (ttyd chet, port so)
[04:45:30] [WARN] ttyd PID 85864 -> session 'mc_bot_dnwauif' KHONG ton tai (ttyd chet, port so)
[04:45:30] [WARN] ttyd PID 85873 -> session 'mc_bot_dpawjdw' KHONG ton tai (ttyd chet, port so)
[04:45:30] [WARN] ttyd PID 85882 -> session 'mc_bot_hdoiwa' KHONG ton tai (ttyd chet, port so)
[04:45:30] [INFO] ttyd: 1 hop le | 8 chet (khoi dong lai web hoac muc 3 se don)
[04:46:11] [INFO] === TAT DAN BOT ===
[04:46:11] [INFO] Process MinecraftClient dang chay: 9
[04:46:13] [OK]   Da tat toan bo bot (truoc: 9 process -> sau: 0)
[04:46:14] [INFO] Tao tmux session 'mc_bots'...
[04:46:14] [INFO] Khoi tao Web Dashboard (ttyd port 7681)...
[04:46:14] [WARN] Da co ttyd port 7681 (PID: 1280254) — kiem tra lai...
[04:46:14] [OK]   1/3 Tien trinh ttyd dang chay (PID: 1280254)
[04:46:14] [OK]   2/3 Port 7681 dang lang nghe
[04:46:14] [OK]   3/3 HTTP phan hoi ma 200
[04:46:14] [WARN] Phat hien 8 ttyd cu (port 7682-7689) tro toi session mc_bot_* da chet — co the don trong muc 3 hoac clean_system.
[04:47:47] [OK]   Web Dashboard: ONLINE  -> http://localhost:7681 | LAN: http://192.168.1.3:7681
[04:47:47] [INFO] Ping server Minecraft aquamc.vn:25565 ...
[04:47:47] [OK]   Server ONLINE | Latency: 165ms | Players: 242/2026 | Version: Velocity 1.7.2-26.2
[04:47:47] [WARN] Window MinecraftBots: khong ton tai | process MinecraftClient: 0 — tat ca bot dang TAT
[04:47:47] [WARN] ttyd PID 85819 -> session 'mc_bot_huidwa' KHONG ton tai (ttyd chet, port so)
[04:47:47] [WARN] ttyd PID 85828 -> session 'mc_bot_geasf' KHONG ton tai (ttyd chet, port so)
[04:47:47] [WARN] ttyd PID 85837 -> session 'mc_bot_ikujtyhfg' KHONG ton tai (ttyd chet, port so)
[04:47:47] [WARN] ttyd PID 85846 -> session 'mc_bot_dhwaod' KHONG ton tai (ttyd chet, port so)
[04:47:47] [WARN] ttyd PID 85855 -> session 'mc_bot_djaiwp' KHONG ton tai (ttyd chet, port so)
[04:47:47] [WARN] ttyd PID 85864 -> session 'mc_bot_dnwauif' KHONG ton tai (ttyd chet, port so)
[04:47:47] [WARN] ttyd PID 85873 -> session 'mc_bot_dpawjdw' KHONG ton tai (ttyd chet, port so)
[04:47:47] [WARN] ttyd PID 85882 -> session 'mc_bot_hdoiwa' KHONG ton tai (ttyd chet, port so)
[04:47:47] [INFO] ttyd: 1 hop le | 8 chet (khoi dong lai web hoac muc 3 se don)
[04:48:01] [OK]   Web Dashboard: ONLINE  -> http://localhost:7681 | LAN: http://192.168.1.3:7681
[04:48:01] [INFO] Ping server Minecraft aquamc.vn:25565 ...
[04:48:01] [OK]   Server ONLINE | Latency: 174ms | Players: 242/2026 | Version: Velocity 1.7.2-26.2
[04:48:01] [WARN] Window MinecraftBots: khong ton tai | process MinecraftClient: 0 — tat ca bot dang TAT
[04:48:01] [WARN] ttyd PID 85819 -> session 'mc_bot_huidwa' KHONG ton tai (ttyd chet, port so)
[04:48:01] [WARN] ttyd PID 85828 -> session 'mc_bot_geasf' KHONG ton tai (ttyd chet, port so)
[04:48:01] [WARN] ttyd PID 85837 -> session 'mc_bot_ikujtyhfg' KHONG ton tai (ttyd chet, port so)
[04:48:01] [WARN] ttyd PID 85846 -> session 'mc_bot_dhwaod' KHONG ton tai (ttyd chet, port so)
[04:48:01] [WARN] ttyd PID 85855 -> session 'mc_bot_djaiwp' KHONG ton tai (ttyd chet, port so)
[04:48:01] [WARN] ttyd PID 85864 -> session 'mc_bot_dnwauif' KHONG ton tai (ttyd chet, port so)
[04:48:01] [WARN] ttyd PID 85873 -> session 'mc_bot_dpawjdw' KHONG ton tai (ttyd chet, port so)
[04:48:01] [WARN] ttyd PID 85882 -> session 'mc_bot_hdoiwa' KHONG ton tai (ttyd chet, port so)
[04:48:01] [INFO] ttyd: 1 hop le | 8 chet (khoi dong lai web hoac muc 3 se don)
[04:49:13] [OK]   Web Dashboard: ONLINE  -> http://localhost:7681 | LAN: http://192.168.1.3:7681
[04:49:13] [INFO] Ping server Minecraft aquamc.vn:25565 ...
[04:49:13] [OK]   Server ONLINE | Latency: 224ms | Players: 240/2026 | Version: Velocity 1.7.2-26.2
[04:49:13] [WARN] Window MinecraftBots: khong ton tai | process MinecraftClient: 0 — tat ca bot dang TAT
[04:49:13] [WARN] ttyd PID 85819 -> session 'mc_bot_huidwa' KHONG ton tai (ttyd chet, port so)
[04:49:13] [WARN] ttyd PID 85828 -> session 'mc_bot_geasf' KHONG ton tai (ttyd chet, port so)
[04:49:13] [WARN] ttyd PID 85837 -> session 'mc_bot_ikujtyhfg' KHONG ton tai (ttyd chet, port so)
[04:49:13] [WARN] ttyd PID 85846 -> session 'mc_bot_dhwaod' KHONG ton tai (ttyd chet, port so)
[04:49:13] [WARN] ttyd PID 85855 -> session 'mc_bot_djaiwp' KHONG ton tai (ttyd chet, port so)
[04:49:13] [WARN] ttyd PID 85864 -> session 'mc_bot_dnwauif' KHONG ton tai (ttyd chet, port so)
[04:49:13] [WARN] ttyd PID 85873 -> session 'mc_bot_dpawjdw' KHONG ton tai (ttyd chet, port so)
[04:49:13] [WARN] ttyd PID 85882 -> session 'mc_bot_hdoiwa' KHONG ton tai (ttyd chet, port so)
[04:49:13] [INFO] ttyd: 1 hop le | 8 chet (khoi dong lai web hoac muc 3 se don)
[04:49:22] [OK]   Web Dashboard: ONLINE  -> http://localhost:7681 | LAN: http://192.168.1.3:7681
[04:49:22] [INFO] Ping server Minecraft aquamc.vn:25565 ...
[04:49:22] [OK]   Server ONLINE | Latency: 186ms | Players: 238/2026 | Version: Velocity 1.7.2-26.2
[04:49:22] [WARN] Window MinecraftBots: khong ton tai | process MinecraftClient: 0 — tat ca bot dang TAT
[04:49:22] [WARN] ttyd PID 85819 -> session 'mc_bot_huidwa' KHONG ton tai (ttyd chet, port so)
[04:49:22] [WARN] ttyd PID 85828 -> session 'mc_bot_geasf' KHONG ton tai (ttyd chet, port so)
[04:49:22] [WARN] ttyd PID 85837 -> session 'mc_bot_ikujtyhfg' KHONG ton tai (ttyd chet, port so)
[04:49:22] [WARN] ttyd PID 85846 -> session 'mc_bot_dhwaod' KHONG ton tai (ttyd chet, port so)
[04:49:22] [WARN] ttyd PID 85855 -> session 'mc_bot_djaiwp' KHONG ton tai (ttyd chet, port so)
[04:49:22] [WARN] ttyd PID 85864 -> session 'mc_bot_dnwauif' KHONG ton tai (ttyd chet, port so)
[04:49:22] [WARN] ttyd PID 85873 -> session 'mc_bot_dpawjdw' KHONG ton tai (ttyd chet, port so)
[04:49:22] [WARN] ttyd PID 85882 -> session 'mc_bot_hdoiwa' KHONG ton tai (ttyd chet, port so)
[04:49:22] [INFO] ttyd: 1 hop le | 8 chet (khoi dong lai web hoac muc 3 se don)
[04:49:34] [INFO] Khoi tao Web Dashboard (ttyd port 7681)...
[04:49:34] [WARN] Da co ttyd port 7681 (PID: 1280254) — kiem tra lai...
[04:49:34] [OK]   1/3 Tien trinh ttyd dang chay (PID: 1280254)
[04:49:34] [OK]   2/3 Port 7681 dang lang nghe
[04:49:34] [OK]   3/3 HTTP phan hoi ma 200
[04:49:34] [WARN] Phat hien 8 ttyd cu (port 7682-7689) tro toi session mc_bot_* da chet — co the don trong muc 3 hoac clean_system.
[04:49:34] [OK]   THAO TAC HOAN TAT — kiem tra ket qua thuc te:
[04:49:34] [OK]   Web Dashboard: ONLINE  -> http://localhost:7681 | LAN: http://192.168.1.3:7681
[04:49:34] [INFO] Ping server Minecraft aquamc.vn:25565 ...
[04:49:34] [OK]   Server ONLINE | Latency: 212ms | Players: 236/2026 | Version: Velocity 1.7.2-26.2
[04:49:34] [WARN] Window MinecraftBots: khong ton tai | process MinecraftClient: 0 — tat ca bot dang TAT
[04:49:34] [WARN] ttyd PID 85819 -> session 'mc_bot_huidwa' KHONG ton tai (ttyd chet, port so)
[04:49:34] [WARN] ttyd PID 85828 -> session 'mc_bot_geasf' KHONG ton tai (ttyd chet, port so)
[04:49:34] [WARN] ttyd PID 85837 -> session 'mc_bot_ikujtyhfg' KHONG ton tai (ttyd chet, port so)
[04:49:34] [WARN] ttyd PID 85846 -> session 'mc_bot_dhwaod' KHONG ton tai (ttyd chet, port so)
[04:49:34] [WARN] ttyd PID 85855 -> session 'mc_bot_djaiwp' KHONG ton tai (ttyd chet, port so)
[04:49:34] [WARN] ttyd PID 85864 -> session 'mc_bot_dnwauif' KHONG ton tai (ttyd chet, port so)
[04:49:34] [WARN] ttyd PID 85873 -> session 'mc_bot_dpawjdw' KHONG ton tai (ttyd chet, port so)
[04:49:34] [WARN] ttyd PID 85882 -> session 'mc_bot_hdoiwa' KHONG ton tai (ttyd chet, port so)
[04:49:34] [INFO] ttyd: 1 hop le | 8 chet (khoi dong lai web hoac muc 3 se don)
[04:49:58] [OK]   THAO TAC HOAN TAT — kiem tra ket qua thuc te:
[04:49:58] [OK]   Web Dashboard: ONLINE  -> http://localhost:7681 | LAN: http://192.168.1.3:7681
[04:49:58] [INFO] Ping server Minecraft aquamc.vn:25565 ...
[04:49:58] [OK]   Server ONLINE | Latency: 195ms | Players: 234/2026 | Version: Velocity 1.7.2-26.2
[04:49:58] [WARN] Window MinecraftBots: khong ton tai | process MinecraftClient: 0 — tat ca bot dang TAT
[04:49:58] [WARN] ttyd PID 85819 -> session 'mc_bot_huidwa' KHONG ton tai (ttyd chet, port so)
[04:49:58] [WARN] ttyd PID 85828 -> session 'mc_bot_geasf' KHONG ton tai (ttyd chet, port so)
[04:49:58] [WARN] ttyd PID 85837 -> session 'mc_bot_ikujtyhfg' KHONG ton tai (ttyd chet, port so)
[04:49:58] [WARN] ttyd PID 85846 -> session 'mc_bot_dhwaod' KHONG ton tai (ttyd chet, port so)
[04:49:58] [WARN] ttyd PID 85855 -> session 'mc_bot_djaiwp' KHONG ton tai (ttyd chet, port so)
[04:49:58] [WARN] ttyd PID 85864 -> session 'mc_bot_dnwauif' KHONG ton tai (ttyd chet, port so)
[04:49:58] [WARN] ttyd PID 85873 -> session 'mc_bot_dpawjdw' KHONG ton tai (ttyd chet, port so)
[04:49:58] [WARN] ttyd PID 85882 -> session 'mc_bot_hdoiwa' KHONG ton tai (ttyd chet, port so)
[04:49:58] [INFO] ttyd: 1 hop le | 8 chet (khoi dong lai web hoac muc 3 se don)
[04:50:02] [OK]   THAO TAC HOAN TAT — kiem tra ket qua thuc te:
[04:50:02] [OK]   Web Dashboard: ONLINE  -> http://localhost:7681 | LAN: http://192.168.1.3:7681
[04:50:02] [INFO] Ping server Minecraft aquamc.vn:25565 ...
[04:50:02] [OK]   Server ONLINE | Latency: 146ms | Players: 236/2026 | Version: Velocity 1.7.2-26.2
[04:50:02] [WARN] Window MinecraftBots: khong ton tai | process MinecraftClient: 0 — tat ca bot dang TAT
[04:50:02] [WARN] ttyd PID 85819 -> session 'mc_bot_huidwa' KHONG ton tai (ttyd chet, port so)
[04:50:02] [WARN] ttyd PID 85828 -> session 'mc_bot_geasf' KHONG ton tai (ttyd chet, port so)
[04:50:02] [WARN] ttyd PID 85837 -> session 'mc_bot_ikujtyhfg' KHONG ton tai (ttyd chet, port so)
[04:50:02] [WARN] ttyd PID 85846 -> session 'mc_bot_dhwaod' KHONG ton tai (ttyd chet, port so)
[04:50:02] [WARN] ttyd PID 85855 -> session 'mc_bot_djaiwp' KHONG ton tai (ttyd chet, port so)
[04:50:02] [WARN] ttyd PID 85864 -> session 'mc_bot_dnwauif' KHONG ton tai (ttyd chet, port so)
[04:50:02] [WARN] ttyd PID 85873 -> session 'mc_bot_dpawjdw' KHONG ton tai (ttyd chet, port so)
[04:50:02] [WARN] ttyd PID 85882 -> session 'mc_bot_hdoiwa' KHONG ton tai (ttyd chet, port so)
[04:50:02] [INFO] ttyd: 1 hop le | 8 chet (khoi dong lai web hoac muc 3 se don)
[04:50:03] [INFO] Thoat bang dieu khien.
[04:50:03] [INFO] Thoat bang dieu khien.
[04:50:31] [INFO] Thoat bang dieu khien.
[04:51:06] [INFO] Tao tmux session 'mc_bots'...
[04:51:06] [INFO] Khoi tao Web Dashboard (ttyd port 7681)...
[04:51:06] [WARN] Da co ttyd port 7681 (PID: 1280254) — kiem tra lai...
[04:51:06] [OK]   1/3 Tien trinh ttyd dang chay (PID: 1280254)
[04:51:06] [OK]   2/3 Port 7681 dang lang nghe
[04:51:06] [OK]   3/3 HTTP phan hoi ma 200
[04:51:06] [WARN] Phat hien 8 ttyd cu (port 7682-7689) tro toi session mc_bot_* da chet — co the don trong muc 3 hoac clean_system.
[04:51:41] [INFO] >> MENU 1 -> 3 (Khoi dong Chi Web)
[04:51:41] [INFO] Khoi tao Web Dashboard (ttyd port 7681)...
[04:51:41] [WARN] Da co ttyd port 7681 (PID: 1280254) — kiem tra lai...
[04:51:41] [OK]   1/3 Tien trinh ttyd dang chay (PID: 1280254)
[04:51:41] [OK]   2/3 Port 7681 dang lang nghe
[04:51:41] [OK]   3/3 HTTP phan hoi ma 200
[04:51:41] [WARN] Phat hien 8 ttyd cu (port 7682-7689) tro toi session mc_bot_* da chet — co the don trong muc 3 hoac clean_system.
[04:51:41] [OK]   THAO TAC HOAN TAT — kiem tra ket qua thuc te:
[04:51:41] [OK]   Web Dashboard: ONLINE  -> http://localhost:7681 | LAN: http://192.168.1.3:7681
[04:51:41] [INFO] Ping server Minecraft aquamc.vn:25565 ...
[04:51:42] [OK]   Server ONLINE | Latency: 206ms | Players: 234/2026 | Version: Velocity 1.7.2-26.2
[04:51:42] [WARN] Window MinecraftBots: khong ton tai | process MinecraftClient: 0 — tat ca bot dang TAT
[04:51:42] [WARN] ttyd PID 85819 -> session 'mc_bot_huidwa' KHONG ton tai (ttyd chet, port so)
[04:51:42] [WARN] ttyd PID 85828 -> session 'mc_bot_geasf' KHONG ton tai (ttyd chet, port so)
[04:51:42] [WARN] ttyd PID 85837 -> session 'mc_bot_ikujtyhfg' KHONG ton tai (ttyd chet, port so)
[04:51:42] [WARN] ttyd PID 85846 -> session 'mc_bot_dhwaod' KHONG ton tai (ttyd chet, port so)
[04:51:42] [WARN] ttyd PID 85855 -> session 'mc_bot_djaiwp' KHONG ton tai (ttyd chet, port so)
[04:51:42] [WARN] ttyd PID 85864 -> session 'mc_bot_dnwauif' KHONG ton tai (ttyd chet, port so)
[04:51:42] [WARN] ttyd PID 85873 -> session 'mc_bot_dpawjdw' KHONG ton tai (ttyd chet, port so)
[04:51:42] [WARN] ttyd PID 85882 -> session 'mc_bot_hdoiwa' KHONG ton tai (ttyd chet, port so)
[04:51:42] [INFO] ttyd: 1 hop le | 8 chet (khoi dong lai web hoac muc 3 se don)
[04:52:14] [INFO] Thoat bang dieu khien.
