[6n[21;31H[21;1H[90m▌[0m[0m[90m[[0m[97m+[0m[90m] [0m[97mkieuluongsamm[0m[0m[0m[97m [0m[0m⇝ [0m[0m[97mra sp pvp[0m
[?25l[6n> [34h[?25h[6n[21;17H[21;1H[90m▌[0m[0m[90m[[0m[97m+[0m[90m] [0m[97mtep123[0m[0m[0m[97m [0m[0m⇝ [0m[0m[97mok[0m
[?25l[6n> [34h[?25h[6n[21;103H[21;1H[90m▌[0m[0m[0m[0m[91m[1mCẤM CRYSTAL / NEO ANCHOR [0m[0m[37m» [0m[0m[97mKhông sử dụng Crystal hoặc Neo Anchor để PvP, phá base hoặc gây thiệt hại.[0m
[?25l[6n> [34h[?25h[6n[21;30H[21;1H[90m▌[0m[0m[90m[[0m[97m+[0m[90m] [0m[97mkieuluongsamm[0m[0m[0m[97m [0m[0m⇝ [0m[0m[97mdoi t ti[0m
[?25l[6n> [34h[?25h[6n[21;27H[21;1H[90m▌[0m[0m[90m[[0m[97m+[0m[90m] [0m[97mtep123[0m[0m[0m[97m [0m[0m⇝ [0m[0m[97mcf 1k toi di[0m
[?25l[6n> [34h[?25h[6n[21;17H[21;1H[90m▌[0m[0m[90m[[0m[97m+[0m[90m] [0m[97mtep123[0m[0m[0m[97m [0m[0m⇝ [0m[0m[97m:([0m
[?25l[6n> [34h[?25h[6n[21;17H[21;1H[90m▌[0m[0m[90m[[0m[97m+[0m[90m] [0m[97mtep123[0m[0m[0m[97m [0m[0m⇝ [0m[0m[97m:)[0m
[?25l[6n> [34h[?25h[6n[21;67H[21;1H[90m▌[0m[0m[36m[AquaCoinflip][0m [0m[92mkieuluongsamm[0m đã chiến thắng [0m[91mtep123[0m số tiền [0m[0m[93m1,900[0m[0m.
[?25l[6n> [34h[?25h[6n[21;58H[21;1H[90m▌[0m[0m[36m[AquaCoinflip][0m [0m[96mtep123[0m đã tạo coinflip với số tiền [0m[0m[93m1,000[0m[0m.
[?25l[6n> [34h[?25h[6n[21;24H[21;1H[90m▌[0m[0m[90m[[0m[97m+[0m[90m] [0m[97mkieuluongsamm[0m[0m[0m[97m [0m[0m⇝ [0m[0m[97m:)[0m
[?25l[6n> [34h[?25h[6n[21;22H[21;1H[90m▌[0m[0m[90m[[0m[97m+[0m[90m] [0m[97mtep123[0m[0m[0m[97m [0m[0m⇝ [0m[0m[97mcf tiep[0m
[?25l[6n> [34h[?25h[6n[21;24H[21;1H[90m▌[0m[0m[90m[[0m[97m+[0m[90m] [0m[97mkieuluongsamm[0m[0m[0m[97m [0m[0m⇝ [0m[0m[97m:)[0m
[?25l[6n> [34h[?25h[6n[21;25H[21;1H[90m▌[0m[0m[90m[[0m[97m+[0m[90m] [0m[97mkieuluongsamm[0m[0m[0m[97m [0m[0m⇝ [0m[0m[97mlag[0m
[?25l[6n> [34h[?25h[6n[21;67H[21;1H[90m▌[0m[0m[36m[AquaCoinflip][0m [0m[92mtep123[0m đã chiến thắng [0m[91mkieuluongsamm[0m số tiền [0m[0m[93m1,900[0m[0m.
[?25l[6n> [34h[?25h[6n[21;59H[21;1H[90m▌[0m[0m[36m[AquaCoinflip][0m [0m[96mtep123[0m đã tạo coinflip với số tiền [0m[0m[93m50,000[0m[0m.
[?25l[6n> [34h[?25h[6n[21;22H[21;1H[90m▌[0m[0m[90m[[0m[97m+[0m[90m] [0m[97mtep123[0m[0m[0m[97m [0m[0m⇝ [0m[0m[97mcf tiep[0m
[?25l[6n> [34h[?25h[6n[21;68H[21;1H[90m▌[0m[0m[36m[AquaCoinflip][0m [0m[92mtep123[0m đã chiến thắng [0m[91mkieuluongsamm[0m số tiền [0m[0m[93m95,000[0m[0m.
[?25l[6n> [34h[?25h[6n[21;29H[21;1H[90m▌[0m[0m[90m[[0m[97m+[0m[90m] [0m[97mkieuluongsamm[0m[0m[0m[97m [0m[0m⇝ [0m[0m[97mbt ngay[0m
[?25l[6n> [34h[?25h[6n[21;67H[21;1H[90m▌[0m[0m[36m[AquaCoinflip][0m [0m[96mkieuluongsamm[0m đã tạo coinflip với số tiền [0m[0m[93m100,000[0m[0m.
[?25l[6n> [34h[?25h[6n[21;27H[21;1H[90m▌[0m[0m[90m[[0m[97m+[0m[90m] [0m[97mtep123[0m[0m[0m[97m [0m[0m⇝ [0m[0m[97mhelll yeahhh[0m
[?25l[6n> [34h[?25h[6n[21;25H[21;1H[90m▌[0m[0m[90m[[0m[97m+[0m[90m] [0m[97mtep123[0m[0m[0m[97m [0m[0m⇝ [0m[0m[97mno more :)[0m
[?25l[6n> [34h[?25h[6n[21;58H[21;1H[90m▌[0m[0m[36m[AquaCoinflip][0m [0m[96mtep123[0m đã tạo coinflip với số tiền [0m[0m[93m1,000[0m[0m.
[?25l[6n> [34h[?25h[6n[21;67H[21;1H[90m▌[0m[0m[36m[AquaCoinflip][0m [0m[92mtep123[0m đã chiến thắng [0m[91mkieuluongsamm[0m số tiền [0m[0m[93m1,900[0m[0m.
[?25l[6n> [34h[?25h[6n[21;58H[21;1H[90m▌[0m[0m[36m[AquaCoinflip][0m [0m[96mtep123[0m đã tạo coinflip với số tiền [0m[0m[93m1,000[0m[0m.
[?25l[6n> [34h[?25h[6n[21;26H[21;1H[90m▌[0m[0m[90m[[0m[97m+[0m[90m] [0m[97mtep123[0m[0m[0m[97m [0m[0m⇝ [0m[0m[97mra spawn di[0m
[?25l[6n> [34h[?25h[6n[21;26H[21;1H[90m▌[0m[0m[90m[[0m[97m+[0m[90m] [0m[97mkieuluongsamm[0m[0m[0m[97m [0m[0m⇝ [0m[0m[97mtuut[0m
[?25l[6n> [34h[?25h[6n[21;22H[21;1H[90m▌[0m[0m[90m[[0m[97m+[0m[90m] [0m[97mtep123[0m[0m[0m[97m [0m[0m⇝ [0m[0m[97mtuut :)[0m
[?25l[6n> [34h[?25h[6n[21;24H[21;1H[90m▌[0m[0m[90m[[0m[97m+[0m[90m] [0m[97mkieuluongsamm[0m[0m[0m[97m [0m[0m⇝ [0m[0m[97m:)[0m
[?25l[6n> [34h[?25h[6n[21;50H[21;1H[90m▌[0m[0m[33m[[0m[31mBroadcast[0m[33m] [0m[32mThanks [0m[91mtep123[0m[0m[0m[91m [0m[0m[32mfor voting on VoteKey2[0m
[?25l[6n> [34h[?25h[6n[21;35H[21;1H[90m▌[0m[0m[90m[[0m[97m+[0m[90m] [0m[97mkieuluongsamm[0m[0m[0m[97m [0m[0m⇝ [0m[0m[97mcf 100k di :)[0m
[?25l[6n> [34h[?25h[6n[21;20H[21;1H[90m▌[0m[0m[90m[[0m[97m+[0m[90m] [0m[97mtep123[0m[0m[0m[97m [0m[0m⇝ [0m[0m[97mko :)[0m
[?25l[6n> [34h[?25h[6n[21;12H[21;1H[90m▌[0m[0m[90m[[0m[91m-[0m[90m] tep123[0m
[?25l[6n> [34h[?25h[6n[21;35H[21;1H[90m▌[0m[0m[38;2;0;207;255m[1m[[0m[38;2;12;177;255m[1mA[0m[38;2;24;148;255m[1mq[0m[38;2;36;118;255m[1mu[0m[38;2;49;89;255m[1ma[0m[38;2;61;59;255m[1mH[0m[38;2;73;30;255m[1mủ[0m[38;2;85;0;255m[1m][0m [0m[93mCòn [0m[92m5 phút[0m[93m để mua vé Hủ![0m
[?25l[6n> [34h[?25h[6n[21;25H[21;1H[90m▌[0m[0m[90m[[0m[97m+[0m[90m] [0m[97mkieuluongsamm[0m[0m[0m[97m [0m[0m⇝ [0m[0m[97m:))[0m
[?25l[6n> [34h[?25h[6n[21;36H[21;1H[90m▌[0m[0m[90m[[0m[97m+[0m[90m] [0m[97mkieuluongsamm[0m[0m[0m[97m [0m[0m⇝ [0m[0m[97mr sao out r :p[0m
[?25l[6n> [34h[?25h[6n[21;12H[21;1H[90m▌[0m[0m[90m[[0m[92m+[0m[90m] [0m[90mtep123[0m
[?25l[6n> [34h[?25h[6n[21;36H[21;1H[90m▌[0m[0m[90m[[0m[97m+[0m[90m] [0m[97mkieuluongsamm[0m[0m[0m[97m [0m[0m⇝ [0m[0m[97mr sao out r :p[0m
[?25l[6n> [34h[?25h[6n[21;27H[21;1H[90m▌[0m[0m[90m[[0m[97m+[0m[90m] [0m[97mkieuluongsamm[0m[0m[0m[97m [0m[0m⇝ [0m[0m[97ma day[0m
[?25l[6n> [34h[?25h[6n[21;25H[21;1H[90m▌[0m[0m[90m[[0m[97m+[0m[90m] [0m[97mkieuluongsamm[0m[0m[0m[97m [0m[0m⇝ [0m[0m[97mchs[0m
[?25l[6n> [34h[?25h[6n[21;31H[21;1H[90m▌[0m[0m[90m[[0m[97m+[0m[90m] [0m[97mtep123[0m[0m[0m[97m [0m[0m⇝ [0m[0m[97mbug lay them key[0m
[?25l[6n> [34h[?25h[6n[21;45H[21;1H[90m▌[0m[0m[90m[[0m[97m+[0m[90m] [0m[97mkieuluongsamm[0m[0m[0m[97m [0m[0m⇝ [0m[0m[97mhet mat pot toc do r ;v[0m
[?25l[6n> [34h[?25h[6n[21;56H[21;1H[90m▌[0m[0m[33m[[0m[31mBroadcast[0m[33m] [0m[32mThanks [0m[91mtep123[0m[0m[0m[91m [0m[0m[32mfor voting on VOTE Điểm Danh[0m
[?25l[6n> [34h[?25h[6n[21;12H[21;1H[90m▌[0m[0m[90m[[0m[91m-[0m[90m] tep123[0m
[?25l[6n> [34h[?25h[6n[21;12H[21;1H[90m▌[0m[0m[90m[[0m[92m+[0m[90m] [0m[90mtep123[0m
[?25l[6n> [34h[?25h[6n[21;25H[21;1H[90m▌[0m[0m[90m[[0m[97m+[0m[90m] [0m[97mkieuluongsamm[0m[0m[0m[97m [0m[0m⇝ [0m[0m[97m:))[0m
[?25l[6n> [34h[?25h[6n[21;17H[21;1H[90m▌[0m[0m[90m[[0m[97m+[0m[90m] [0m[97mtep123[0m[0m[0m[97m [0m[0m⇝ [0m[0m[97m:)[0m
[?25l[6n> [34h[?25h[6n[21;17H[21;1H[90m▌[0m[0m[90m[[0m[97m+[0m[90m] [0m[97mtep123[0m[0m[0m[97m [0m[0m⇝ [0m[0m[97mdi[0m
[?25l[6n> [34h[?25h[6n[21;74H[21;1H[90m▌[0m[0m[0m[0m[33m[1mNHẮC NHỞ [0m[0m[37m» [0m[0m[97mPhát hiện lỗi game/plugin hãy báo staff, không tự ý lợi dụng.[0m
[?25l[6n> [34h[?25h[6n[21;58H[21;1H[90m▌[0m[96m[9m                                                        [0m
[?25l[6n> [34h[?25h[6n[21;1H[90m▌[0m 
[?25l[6n> [34h[?25h[6n[21;33H[21;1H[90m▌[0m                 [0m[97m[1mᴀǫᴜᴀᴍᴄ ɴᴇᴛᴡᴏʀᴋ[0m
[?25l[6n> [34h[?25h[6n[21;51H[21;1H[90m▌[0m       [0m[90mTham gia cộng đồng Discord của chúng mình![0m
[?25l[6n> [34h[?25h[6n[21;1H[90m▌[0m 
[?25l[6n> [34h[?25h[6n[21;63H[21;1H[90m▌[0m             [0m[37m» <[0m[93mNhấn để tham gia Discord![0m[37m>[0m[0m[0m[94m[1m[ [0m[0m[96m[4mCLICK VÀO ĐÂY[0m[0m[94m[1m ][0m [0m[0m[37m«[0m
[?25l[6n> [34h[?25h[6n[21;1H[90m▌[0m 
[?25l[6n> [34h[?25h[6n[21;58H[21;1H[90m▌[0m[96m[9m                                                        [0m
[?25l[6n> [34h[?25h[6n[21;18H[21;1H[90m▌[0m[0m[90m[[0m[97m+[0m[90m] [0m[97mtep123[0m[0m[0m[97m [0m[0m⇝ [0m[0m[97mpvp[0m
[?25l[6n> [34h[?25h[6n[21;30H[21;1H[90m▌[0m[0m[90m[[0m[97m+[0m[90m] [0m[97mkieuluongsamm[0m[0m[0m[97m [0m[0m⇝ [0m[0m[97mtest cai[0m
[?25l[6n> [34h[?25h[6n[21;26H[21;1H[90m▌[0m[0m[90m[[0m[97m+[0m[90m] [0m[97mkieuluongsamm[0m[0m[0m[97m [0m[0m⇝ [0m[0m[97mtest[0m
[?25l[6n> [34h[?25h[6n[21;17H[21;1H[90m▌[0m[0m[90m[[0m[97m+[0m[90m] [0m[97mtep123[0m[0m[0m[97m [0m[0m⇝ [0m[0m[97mga[0m
[?25l[6n> [34h[?25h[6n[21;24H[21;1H[90m▌[0m[0m[90m[[0m[97m+[0m[90m] [0m[97mkieuluongsamm[0m[0m[0m[97m [0m[0m⇝ [0m[0m[97m:)[0m
[?25l[6n> [34h[?25h[6n[21;33H[21;1H[90m▌[0m[0m[90m[[0m[97m+[0m[90m] [0m[97mkieuluongsamm[0m[0m[0m[97m [0m[0m⇝ [0m[0m[97mga nx k :))[0m
[?25l[6n> [34h[?25h[6n[21;35H[21;1H[90m▌[0m[0m[38;2;0;207;255m[1m[[0m[38;2;12;177;255m[1mA[0m[38;2;24;148;255m[1mq[0m[38;2;36;118;255m[1mu[0m[38;2;49;89;255m[1ma[0m[38;2;61;59;255m[1mH[0m[38;2;73;30;255m[1mủ[0m[38;2;85;0;255m[1m][0m [0m[93mCòn [0m[92m2 phút[0m[93m để mua vé Hủ![0m
[?25l[6n> [34h[?25h[6n[21;29H[21;1H[90m▌[0m[0m[90m[[0m[97m+[0m[90m] [0m[97mtep123[0m[0m[0m[97m [0m[0m⇝ [0m[0m[97mtoi ko co wind[0m
[?25l[6n> [34h[?25h[6n[21;34H[21;1H[90m▌[0m[0m[90m[[0m[97m+[0m[90m] [0m[97mkieuluongsamm[0m[0m[0m[97m [0m[0m⇝ [0m[0m[97msao k mua :)[0m
[?25l[6n> [34h[?25h[6n[21;26H[21;1H[90m▌[0m[0m[90m[[0m[97m+[0m[90m] [0m[97mtep123[0m[0m[0m[97m [0m[0m⇝ [0m[0m[97mhet tien :)[0m
[?25l[6n> [34h[?25h[6n[21;40H[21;1H[90m▌[0m[0m[90m[[0m[97m+[0m[90m] [0m[97mkieuluongsamm[0m[0m[0m[97m [0m[0m⇝ [0m[0m[97ma sach windbust ha[0m
[?25l[6n> [34h[?25h[6n[21;16H[21;1H[90m▌[0m[0m[90m[[0m[97m+[0m[90m] [0m[97mtep123[0m[0m[0m[97m [0m[0m⇝ [0m[0m[97mu[0m
[?25l[6n> [34h[?25h[6n[21;35H[21;1H[90m▌[0m[0m[90m[[0m[97m+[0m[90m] [0m[97mkieuluongsamm[0m[0m[0m[97m [0m[0m⇝ [0m[0m[97mtuong cau gio[0m
[?25l[6n> [34h[?25h[6n[21;35H[21;1H[90m▌[0m[0m[38;2;0;207;255m[1m[[0m[38;2;12;177;255m[1mA[0m[38;2;24;148;255m[1mq[0m[38;2;36;118;255m[1mu[0m[38;2;49;89;255m[1ma[0m[38;2;61;59;255m[1mH[0m[38;2;73;30;255m[1mủ[0m[38;2;85;0;255m[1m][0m [0m[93mCòn [0m[92m1 phút[0m[93m để mua vé Hủ![0m
[?25l[6n> [34h[?25h[6n[21;14H[21;1H[90m▌[0m[0m[90m[[0m[92m+[0m[90m] [0m[90mtson2000[0m
[?25l[6n> [34h[?25h[6n[21;36H[21;1H[90m▌[0m[0m[38;2;0;207;255m[1m[[0m[38;2;12;177;255m[1mA[0m[38;2;24;148;255m[1mq[0m[38;2;36;118;255m[1mu[0m[38;2;49;89;255m[1ma[0m[38;2;61;59;255m[1mH[0m[38;2;73;30;255m[1mủ[0m[38;2;85;0;255m[1m][0m [0m[93mCòn [0m[92m30 giây[0m[93m để mua vé Hủ![0m
[?25l[6n> [34h[?25h[6n[21;30H[21;1H[90m▌[0m[0m[90m[[0m[97m+[0m[90m] [0m[97mkieuluongsamm[0m[0m[0m[97m [0m[0m⇝ [0m[0m[97mdoi t ti[0m
[?25l[6n> [34h[?25h[6n[21;36H[21;1H[90m▌[0m[0m[38;2;0;207;255m[1m[[0m[38;2;12;177;255m[1mA[0m[38;2;24;148;255m[1mq[0m[38;2;36;118;255m[1mu[0m[38;2;49;89;255m[1ma[0m[38;2;61;59;255m[1mH[0m[38;2;73;30;255m[1mủ[0m[38;2;85;0;255m[1m][0m [0m[93m_TGHD_[0m [0m[0m[97mvừa mua [0m[0m[96m100[0m[0m[97m vé Hủ![0m
[?25l[6n> [34h[?25h[6n[21;36H[21;1H[90m▌[0m[0m[38;2;0;207;255m[1m[[0m[38;2;12;177;255m[1mA[0m[38;2;24;148;255m[1mq[0m[38;2;36;118;255m[1mu[0m[38;2;49;89;255m[1ma[0m[38;2;61;59;255m[1mH[0m[38;2;73;30;255m[1mủ[0m[38;2;85;0;255m[1m][0m [0m[93mCòn [0m[92m10 giây[0m[93m để mua vé Hủ![0m
[?25l[6n> [34h[?25h[6n[21;28H[21;1H[90m▌[0m[0m[90m[[0m[97m+[0m[90m] [0m[97mtson2000[0m[0m[0m[97m [0m[0m⇝ [0m[0m[97mbest config[0m
[?25l[6n> [34h[?25h[6n[21;55H[21;1H[90m▌[0m[0m[38;2;0;207;255m[1m[[0m[38;2;12;177;255m[1mA[0m[38;2;24;148;255m[1mq[0m[38;2;36;118;255m[1mu[0m[38;2;49;89;255m[1ma[0m[38;2;61;59;255m[1mH[0m[38;2;73;30;255m[1mủ[0m[38;2;85;0;255m[1m][0m [0m[92mPhiên Hủ mới đã bắt đầu! Dùng [0m[93m/hu[0m[92m để mua vé.[0m
[?25l[6n> [34h[?25h[6n[21;38H[21;1H[90m▌[0m[0m[90m[[0m[97m+[0m[90m] [0m[97mkieuluongsamm[0m[0m[0m[97m [0m[0m⇝ [0m[0m[97mhelp [0m[97mtson2000[0m[97m :)[0m
[?25l[6n> [34h[?25h[6n[21;46H[21;1H[90m▌[0m[92mʙạɴ ᴄòɴ  1 ʟượᴛ ᴠᴏᴛᴇ để ɴʜậɴ ᴛʜưởɴɢ ʜôᴍ ɴᴀʏ.[0m
[?25l[6n> [34h[?25h[6n[21;2H [21;1H[90m▌[0m
[?25l[6n> [34h[?25h[6n[21;15H[21;1H[90m▌[0m[91mcɴʜớ ᴠᴏᴛᴇ ɴʜe[0m
[?25l[6n> [34h[?25h[6n[21;29H[21;1H[90m▌[0m[0m[0m[0m[38;2;0;207;255m[1m✦[0m[0m[38;2;10;209;255m[1m [0m[0m[38;2;20;211;255m[1mC[0m[0m[38;2;29;213;255m[1mh[0m[0m[38;2;39;214;255m[1mà[0m[0m[38;2;49;216;255m[1mo[0m[0m[38;2;59;218;255m[1m [0m[0m[38;2;69;220;255m[1mm[0m[0m[38;2;78;222;255m[1mừ[0m[0m[38;2;88;224;255m[1mn[0m[0m[38;2;98;225;255m[1mg[0m[0m[38;2;108;227;255m[1m [0m[0m[38;2;118;229;255m[1mđ[0m[0m[38;2;128;231;255m[1mế[0m[0m[38;2;137;233;255m[1mn[0m[0m[38;2;147;235;255m[1m [0m[0m[38;2;157;237;255m[1mv[0m[0m[38;2;167;238;255m[1mớ[0m[0m[38;2;177;240;255m[1mi[0m[0m[38;2;186;242;255m[1m [0m[0m[38;2;196;244;255m[1mA[0m[0m[38;2;206;246;255m[1mq[0m[0m[38;2;216;248;255m[1mu[0m[0m[38;2;226;249;255m[1ma[0m[0m[38;2;235;251;255m[1mM[0m[0m[38;2;245;253;255m[1mc[0m[0m[97m[1m![0m
[?25l[6n> [34h[?25h[6n[21;14H[21;1H[90m▌[0m[0m[90m[[0m[91m-[0m[90m] tson2000[0m
[?25l[6n> [34h[?25h