[*][11:40:00 PM] Connecting Sonar -> aquamc.vn:25565 (1.20.1)...
[+][11:40:00 PM] Logged in as Sonar
[CHAT][11:40:00 PM] AQUAMC NETWORK! » Bạn đã vượt qua xác minh. Vui lòng reconnect để vào chơi.
[-][11:40:00 PM] Disconnected. Reconnecting in 15s (fail #1)...
[*][11:40:15 PM] Connecting Sonar -> aquamc.vn:25565 (1.20.1)...
[!][11:40:15 PM] Kicked: {"extra":[{"bold":true,"color":"yellow","text":"Check!"},"\n\n",{"color":"gold","extra":[{"color":"gray","text":"Chờ vài giây rồi thử lại.\nNếu bạn nghĩ đây là sai sót, hãy liên hệ quản trị viên."}],"text":"Bạn reconnect quá nhanh, vui lòng đợi.\n"}],"text":""}
[-][11:40:15 PM] Disconnected. Reconnecting in 20s (fail #2)...
[*][11:40:35 PM] Connecting Sonar -> aquamc.vn:25565 (1.20.1)...
[+][11:40:36 PM] Logged in as Sonar
[CHAT][11:40:36 PM] AQUAMC NETWORK! » Bạn đã vượt qua xác minh. Vui lòng reconnect để vào chơi.
[-][11:40:36 PM] Disconnected. Reconnecting in 15s (fail #1)...
[*][11:40:51 PM] Connecting Sonar -> aquamc.vn:25565 (1.20.1)...
[!][11:40:51 PM] Kicked: {"extra":[{"bold":true,"color":"yellow","text":"Check!"},"\n\n",{"color":"gold","extra":[{"color":"gray","text":"Chờ vài giây rồi thử lại.\nNếu bạn nghĩ đây là sai sót, hãy liên hệ quản trị viên."}],"text":"Bạn reconnect quá nhanh, vui lòng đợi.\n"}],"text":""}
[-][11:40:51 PM] Disconnected. Reconnecting in 20s (fail #2)...
[*][11:41:11 PM] Connecting Sonar -> aquamc.vn:25565 (1.20.1)...
[+][11:41:12 PM] Logged in as Sonar
[CHAT][11:41:12 PM] AQUAMC NETWORK! » Bạn đã vượt qua xác minh. Vui lòng reconnect để vào chơi.
[-][11:41:12 PM] Disconnected. Reconnecting in 15s (fail #1)...
[*][11:41:27 PM] Connecting Sonar -> aquamc.vn:25565 (1.20.1)...
[!][11:41:27 PM] Kicked: {"extra":[{"bold":true,"color":"yellow","text":"Check!"},"\n\n",{"color":"gold","extra":[{"color":"gray","text":"Chờ vài giây rồi thử lại.\nNếu bạn nghĩ đây là sai sót, hãy liên hệ quản trị viên."}],"text":"Bạn reconnect quá nhanh, vui lòng đợi.\n"}],"text":""}
[-][11:41:27 PM] Disconnected. Reconnecting in 20s (fail #2)...
[*][11:41:47 PM] Connecting Sonar -> aquamc.vn:25565 (1.20.1)...
[+][11:41:48 PM] Logged in as Sonar
[CHAT][11:41:48 PM] AQUAMC NETWORK! » Bạn đã vượt qua xác minh. Vui lòng reconnect để vào chơi.
[-][11:41:48 PM] Disconnected. Reconnecting in 15s (fail #1)...
[*][11:42:03 PM] Connecting Sonar -> aquamc.vn:25565 (1.20.1)...
[!][11:42:03 PM] Kicked: {"extra":[{"bold":true,"color":"yellow","text":"Check!"},"\n\n",{"color":"gold","extra":[{"color":"gray","text":"Chờ vài giây rồi thử lại.\nNếu bạn nghĩ đây là sai sót, hãy liên hệ quản trị viên."}],"text":"Bạn reconnect quá nhanh, vui lòng đợi.\n"}],"text":""}
[-][11:42:03 PM] Disconnected. Reconnecting in 20s (fail #2)...
[*][11:42:23 PM] Connecting Sonar -> aquamc.vn:25565 (1.20.1)...
[+][11:42:24 PM] Logged in as Sonar
[CHAT][11:42:24 PM] AQUAMC NETWORK! » Bạn đã vượt qua xác minh. Vui lòng reconnect để vào chơi.
[-][11:42:24 PM] Disconnected. Reconnecting in 15s (fail #1)...
[*][11:42:39 PM] Connecting Sonar -> aquamc.vn:25565 (1.20.1)...
[!][11:42:39 PM] Kicked: {"extra":[{"bold":true,"color":"yellow","text":"Check!"},"\n\n",{"color":"gold","extra":[{"color":"gray","text":"Chờ vài giây rồi thử lại.\nNếu bạn nghĩ đây là sai sót, hãy liên hệ quản trị viên."}],"text":"Bạn reconnect quá nhanh, vui lòng đợi.\n"}],"text":""}
[-][11:42:39 PM] Disconnected. Reconnecting in 20s (fail #2)...
[*][11:42:59 PM] Connecting Sonar -> aquamc.vn:25565 (1.20.1)...
[+][11:43:00 PM] Logged in as Sonar
[CHAT][11:43:00 PM] AQUAMC NETWORK! » Bạn đã vượt qua xác minh. Vui lòng reconnect để vào chơi.
[-][11:43:00 PM] Disconnected. Reconnecting in 15s (fail #1)...
[*][11:43:15 PM] Connecting Sonar -> aquamc.vn:25565 (1.20.1)...
[!][11:43:15 PM] Kicked: {"extra":[{"bold":true,"color":"yellow","text":"Check!"},"\n\n",{"color":"gold","extra":[{"color":"gray","text":"Chờ vài giây rồi thử lại.\nNếu bạn nghĩ đây là sai sót, hãy liên hệ quản trị viên."}],"text":"Bạn reconnect quá nhanh, vui lòng đợi.\n"}],"text":""}
[-][11:43:15 PM] Disconnected. Reconnecting in 20s (fail #2)...
[*][11:43:35 PM] Connecting Sonar -> aquamc.vn:25565 (1.20.1)...
[+][11:43:36 PM] Logged in as Sonar
[CHAT][11:43:36 PM] AQUAMC NETWORK! » Bạn đã vượt qua xác minh. Vui lòng reconnect để vào chơi.
[-][11:43:36 PM] Disconnected. Reconnecting in 15s (fail #1)...
[*][11:43:51 PM] Connecting Sonar -> aquamc.vn:25565 (1.20.1)...
[!][11:43:51 PM] Kicked: {"extra":[{"bold":true,"color":"yellow","text":"Check!"},"\n\n",{"color":"gold","extra":[{"color":"gray","text":"Chờ vài giây rồi thử lại.\nNếu bạn nghĩ đây là sai sót, hãy liên hệ quản trị viên."}],"text":"Bạn reconnect quá nhanh, vui lòng đợi.\n"}],"text":""}
[-][11:43:51 PM] Disconnected. Reconnecting in 20s (fail #2)...
[*][11:44:11 PM] Connecting Sonar -> aquamc.vn:25565 (1.20.1)...
[+][11:44:12 PM] Logged in as Sonar
[CHAT][11:44:12 PM] AQUAMC NETWORK! » Bạn đã vượt qua xác minh. Vui lòng reconnect để vào chơi.
[-][11:44:12 PM] Disconnected. Reconnecting in 15s (fail #1)...
[*][11:44:27 PM] Connecting Sonar -> aquamc.vn:25565 (1.20.1)...
[!][11:44:27 PM] Kicked: {"extra":[{"bold":true,"color":"yellow","text":"Check!"},"\n\n",{"color":"gold","extra":[{"color":"gray","text":"Chờ vài giây rồi thử lại.\nNếu bạn nghĩ đây là sai sót, hãy liên hệ quản trị viên."}],"text":"Bạn reconnect quá nhanh, vui lòng đợi.\n"}],"text":""}
[-][11:44:27 PM] Disconnected. Reconnecting in 20s (fail #2)...
[*][11:44:47 PM] Connecting Sonar -> aquamc.vn:25565 (1.20.1)...
[+][11:44:48 PM] Logged in as Sonar
[CHAT][11:44:48 PM] AQUAMC NETWORK! » Bạn đã vượt qua xác minh. Vui lòng reconnect để vào chơi.
[-][11:44:48 PM] Disconnected. Reconnecting in 15s (fail #1)...
[*][11:45:03 PM] Connecting Sonar -> aquamc.vn:25565 (1.20.1)...
[!][11:45:03 PM] Kicked: {"extra":[{"bold":true,"color":"yellow","text":"Check!"},"\n\n",{"color":"gold","extra":[{"color":"gray","text":"Chờ vài giây rồi thử lại.\nNếu bạn nghĩ đây là sai sót, hãy liên hệ quản trị viên."}],"text":"Bạn reconnect quá nhanh, vui lòng đợi.\n"}],"text":""}
[-][11:45:03 PM] Disconnected. Reconnecting in 20s (fail #2)...
[*][11:45:23 PM] Connecting Sonar -> aquamc.vn:25565 (1.20.1)...
[+][11:45:24 PM] Logged in as Sonar
[CHAT][11:45:24 PM] AQUAMC NETWORK! » Bạn đã vượt qua xác minh. Vui lòng reconnect để vào chơi.
[-][11:45:24 PM] Disconnected. Reconnecting in 15s (fail #1)...
[*][11:45:39 PM] Connecting Sonar -> aquamc.vn:25565 (1.20.1)...
[!][11:45:39 PM] Kicked: {"extra":[{"bold":true,"color":"yellow","text":"Check!"},"\n\n",{"color":"gold","extra":[{"color":"gray","text":"Chờ vài giây rồi thử lại.\nNếu bạn nghĩ đây là sai sót, hãy liên hệ quản trị viên."}],"text":"Bạn reconnect quá nhanh, vui lòng đợi.\n"}],"text":""}
[-][11:45:39 PM] Disconnected. Reconnecting in 20s (fail #2)...
[*][11:45:59 PM] Connecting Sonar -> aquamc.vn:25565 (1.20.1)...
[+][11:46:00 PM] Logged in as Sonar
[CHAT][11:46:00 PM] AQUAMC NETWORK! » Bạn đã vượt qua xác minh. Vui lòng reconnect để vào chơi.
[-][11:46:00 PM] Disconnected. Reconnecting in 15s (fail #1)...
[*][11:46:15 PM] Connecting Sonar -> aquamc.vn:25565 (1.20.1)...
[!][11:46:15 PM] Kicked: {"extra":[{"bold":true,"color":"yellow","text":"Check!"},"\n\n",{"color":"gold","extra":[{"color":"gray","text":"Chờ vài giây rồi thử lại.\nNếu bạn nghĩ đây là sai sót, hãy liên hệ quản trị viên."}],"text":"Bạn reconnect quá nhanh, vui lòng đợi.\n"}],"text":""}
[-][11:46:15 PM] Disconnected. Reconnecting in 20s (fail #2)...
[*][11:46:35 PM] Connecting Sonar -> aquamc.vn:25565 (1.20.1)...
[+][11:46:36 PM] Logged in as Sonar
[CHAT][11:46:36 PM] AQUAMC NETWORK! » Bạn đã vượt qua xác minh. Vui lòng reconnect để vào chơi.
[-][11:46:36 PM] Disconnected. Reconnecting in 15s (fail #1)...
[*][11:46:51 PM] Connecting Sonar -> aquamc.vn:25565 (1.20.1)...
[!][11:46:51 PM] Kicked: {"extra":[{"bold":true,"color":"yellow","text":"Check!"},"\n\n",{"color":"gold","extra":[{"color":"gray","text":"Chờ vài giây rồi thử lại.\nNếu bạn nghĩ đây là sai sót, hãy liên hệ quản trị viên."}],"text":"Bạn reconnect quá nhanh, vui lòng đợi.\n"}],"text":""}
[-][11:46:51 PM] Disconnected. Reconnecting in 20s (fail #2)...
[*][11:47:11 PM] Connecting Sonar -> aquamc.vn:25565 (1.20.1)...
[+][11:47:12 PM] Logged in as Sonar
[CHAT][11:47:12 PM] AQUAMC NETWORK! » Bạn đã vượt qua xác minh. Vui lòng reconnect để vào chơi.
[-][11:47:12 PM] Disconnected. Reconnecting in 15s (fail #1)...
[*][11:47:27 PM] Connecting Sonar -> aquamc.vn:25565 (1.20.1)...
[!][11:47:27 PM] Kicked: {"extra":[{"bold":true,"color":"yellow","text":"Check!"},"\n\n",{"color":"gold","extra":[{"color":"gray","text":"Chờ vài giây rồi thử lại.\nNếu bạn nghĩ đây là sai sót, hãy liên hệ quản trị viên."}],"text":"Bạn reconnect quá nhanh, vui lòng đợi.\n"}],"text":""}
[-][11:47:27 PM] Disconnected. Reconnecting in 20s (fail #2)...
[*][11:47:47 PM] Connecting Sonar -> aquamc.vn:25565 (1.20.1)...
[+][11:47:48 PM] Logged in as Sonar
[CHAT][11:47:48 PM] AQUAMC NETWORK! » Bạn đã vượt qua xác minh. Vui lòng reconnect để vào chơi.
[-][11:47:48 PM] Disconnected. Reconnecting in 15s (fail #1)...
[*][11:48:03 PM] Connecting Sonar -> aquamc.vn:25565 (1.20.1)...
[!][11:48:03 PM] Kicked: {"extra":[{"bold":true,"color":"yellow","text":"Check!"},"\n\n",{"color":"gold","extra":[{"color":"gray","text":"Chờ vài giây rồi thử lại.\nNếu bạn nghĩ đây là sai sót, hãy liên hệ quản trị viên."}],"text":"Bạn reconnect quá nhanh, vui lòng đợi.\n"}],"text":""}
[-][11:48:03 PM] Disconnected. Reconnecting in 20s (fail #2)...
[*][11:48:23 PM] Connecting Sonar -> aquamc.vn:25565 (1.20.1)...
[+][11:48:24 PM] Logged in as Sonar
[CHAT][11:48:24 PM] AQUAMC NETWORK! » Bạn đã vượt qua xác minh. Vui lòng reconnect để vào chơi.
[-][11:48:24 PM] Disconnected. Reconnecting in 15s (fail #1)...
[*][11:48:39 PM] Connecting Sonar -> aquamc.vn:25565 (1.20.1)...
[!][11:48:39 PM] Kicked: {"extra":[{"bold":true,"color":"yellow","text":"Check!"},"\n\n",{"color":"gold","extra":[{"color":"gray","text":"Chờ vài giây rồi thử lại.\nNếu bạn nghĩ đây là sai sót, hãy liên hệ quản trị viên."}],"text":"Bạn reconnect quá nhanh, vui lòng đợi.\n"}],"text":""}
[-][11:48:39 PM] Disconnected. Reconnecting in 20s (fail #2)...
[*][11:48:59 PM] Connecting Sonar -> aquamc.vn:25565 (1.20.1)...
[+][11:49:00 PM] Logged in as Sonar
[CHAT][11:49:00 PM] AQUAMC NETWORK! » Bạn đã vượt qua xác minh. Vui lòng reconnect để vào chơi.
[-][11:49:00 PM] Disconnected. Reconnecting in 15s (fail #1)...
[*][11:49:15 PM] Connecting Sonar -> aquamc.vn:25565 (1.20.1)...
[!][11:49:15 PM] Kicked: {"text":"You are logging in too fast, try again later."}
[-][11:49:15 PM] Disconnected. Reconnecting in 20s (fail #2)...
[*][11:49:35 PM] Connecting Sonar -> aquamc.vn:25565 (1.20.1)...
[+][11:49:36 PM] Logged in as Sonar
[CHAT][11:49:36 PM] AQUAMC NETWORK! » Bạn đã vượt qua xác minh. Vui lòng reconnect để vào chơi.
[-][11:49:36 PM] Disconnected. Reconnecting in 15s (fail #1)...
[*][11:49:51 PM] Connecting Sonar -> aquamc.vn:25565 (1.20.1)...
[!][11:49:51 PM] Kicked: {"extra":[{"bold":true,"color":"yellow","text":"Check!"},"\n\n",{"color":"gold","extra":[{"color":"gray","text":"Chờ vài giây rồi thử lại.\nNếu bạn nghĩ đây là sai sót, hãy liên hệ quản trị viên."}],"text":"Bạn reconnect quá nhanh, vui lòng đợi.\n"}],"text":""}
[-][11:49:51 PM] Disconnected. Reconnecting in 20s (fail #2)...
[*][11:50:11 PM] Connecting Sonar -> aquamc.vn:25565 (1.20.1)...
[+][11:50:12 PM] Logged in as Sonar
[CHAT][11:50:12 PM] AQUAMC NETWORK! » Bạn đã vượt qua xác minh. Vui lòng reconnect để vào chơi.
[-][11:50:12 PM] Disconnected. Reconnecting in 15s (fail #1)...
[*][11:50:27 PM] Connecting Sonar -> aquamc.vn:25565 (1.20.1)...
[!][11:50:27 PM] Kicked: {"extra":[{"bold":true,"color":"yellow","text":"Check!"},"\n\n",{"color":"gold","extra":[{"color":"gray","text":"Chờ vài giây rồi thử lại.\nNếu bạn nghĩ đây là sai sót, hãy liên hệ quản trị viên."}],"text":"Bạn reconnect quá nhanh, vui lòng đợi.\n"}],"text":""}
[-][11:50:27 PM] Disconnected. Reconnecting in 20s (fail #2)...
[*][11:50:47 PM] Connecting Sonar -> aquamc.vn:25565 (1.20.1)...
[!][11:50:47 PM] Kicked: {"extra":[{"bold":true,"color":"yellow","text":"Check!"},"\n\n",{"color":"gold","extra":[{"color":"gray","text":"Chờ vài giây rồi thử lại.\nNếu bạn nghĩ đây là sai sót, hãy liên hệ quản trị viên."}],"text":"Bạn reconnect quá nhanh, vui lòng đợi.\n"}],"text":""}
[-][11:50:47 PM] Disconnected. Reconnecting in 25s (fail #3)...
[*][11:51:12 PM] Connecting Sonar -> aquamc.vn:25565 (1.20.1)...
[!][11:51:13 PM] Kicked: {"extra":[{"bold":true,"color":"yellow","text":"Check!"},"\n\n",{"color":"gold","extra":[{"color":"gray","text":"Chờ vài giây rồi thử lại.\nNếu bạn nghĩ đây là sai sót, hãy liên hệ quản trị viên."}],"text":"Bạn reconnect quá nhanh, vui lòng đợi.\n"}],"text":""}
[-][11:51:13 PM] Disconnected. Reconnecting in 30s (fail #4)...
[*][11:51:43 PM] Connecting Sonar -> aquamc.vn:25565 (1.20.1)...
[!][11:51:43 PM] Kicked: {"extra":[{"bold":true,"color":"yellow","text":"Check!"},"\n\n",{"color":"gold","extra":[{"color":"gray","text":"Chờ vài giây rồi thử lại.\nNếu bạn nghĩ đây là sai sót, hãy liên hệ quản trị viên."}],"text":"Bạn reconnect quá nhanh, vui lòng đợi.\n"}],"text":""}
[-][11:51:43 PM] Disconnected. Reconnecting in 35s (fail #5)...
[*][11:52:18 PM] Connecting Sonar -> aquamc.vn:25565 (1.20.1)...
[!][11:52:18 PM] Kicked: {"extra":[{"bold":true,"color":"yellow","text":"Check!"},"\n\n",{"color":"gold","extra":[{"color":"gray","text":"Chờ vài giây rồi thử lại.\nNếu bạn nghĩ đây là sai sót, hãy liên hệ quản trị viên."}],"text":"Bạn reconnect quá nhanh, vui lòng đợi.\n"}],"text":""}
[-][11:52:18 PM] Disconnected. Reconnecting in 40s (fail #6)...
[*][11:52:58 PM] Connecting Sonar -> aquamc.vn:25565 (1.20.1)...
[!][11:52:58 PM] Kicked: {"extra":[{"bold":true,"color":"yellow","text":"Check!"},"\n\n",{"color":"gold","extra":[{"color":"gray","text":"Chờ vài giây rồi thử lại.\nNếu bạn nghĩ đây là sai sót, hãy liên hệ quản trị viên."}],"text":"Bạn reconnect quá nhanh, vui lòng đợi.\n"}],"text":""}
[-][11:52:58 PM] Disconnected. Reconnecting in 45s (fail #7)...
[*][11:53:43 PM] Connecting Sonar -> aquamc.vn:25565 (1.20.1)...
[!][11:53:43 PM] Kicked: {"text":"You are logging in too fast, try again later."}
[-][11:53:43 PM] Disconnected. Reconnecting in 50s (fail #8)...
[*][11:54:33 PM] Connecting Sonar -> aquamc.vn:25565 (1.20.1)...
[!][11:54:33 PM] Kicked: {"extra":[{"bold":true,"color":"yellow","text":"Check!"},"\n\n",{"color":"gold","extra":[{"color":"gray","text":"Chờ vài giây rồi thử lại.\nNếu bạn nghĩ đây là sai sót, hãy liên hệ quản trị viên."}],"text":"Bạn reconnect quá nhanh, vui lòng đợi.\n"}],"text":""}
[-][11:54:33 PM] Disconnected. Reconnecting in 55s (fail #9)...
[*][11:55:28 PM] Connecting Sonar -> aquamc.vn:25565 (1.20.1)...
[+][11:55:29 PM] Logged in as Sonar
[CHAT][11:55:29 PM] AQUAMC NETWORK! » Bạn đã vượt qua xác minh. Vui lòng reconnect để vào chơi.
[-][11:55:29 PM] Disconnected. Reconnecting in 15s (fail #1)...
[*][11:55:44 PM] Connecting Sonar -> aquamc.vn:25565 (1.20.1)...
[!][11:55:44 PM] Kicked: {"extra":[{"bold":true,"color":"yellow","text":"Check!"},"\n\n",{"color":"gold","extra":[{"color":"gray","text":"Chờ vài giây rồi thử lại.\nNếu bạn nghĩ đây là sai sót, hãy liên hệ quản trị viên."}],"text":"Bạn reconnect quá nhanh, vui lòng đợi.\n"}],"text":""}
[-][11:55:44 PM] Disconnected. Reconnecting in 20s (fail #2)...
[*][11:56:04 PM] Connecting Sonar -> aquamc.vn:25565 (1.20.1)...
[+][11:56:05 PM] Logged in as Sonar
[CHAT][11:56:05 PM] AQUAMC NETWORK! » Bạn đã vượt qua xác minh. Vui lòng reconnect để vào chơi.
[-][11:56:05 PM] Disconnected. Reconnecting in 15s (fail #1)...
[*][11:56:20 PM] Connecting Sonar -> aquamc.vn:25565 (1.20.1)...
[!][11:56:20 PM] Kicked: {"extra":[{"bold":true,"color":"yellow","text":"Check!"},"\n\n",{"color":"gold","extra":[{"color":"gray","text":"Chờ vài giây rồi thử lại.\nNếu bạn nghĩ đây là sai sót, hãy liên hệ quản trị viên."}],"text":"Bạn reconnect quá nhanh, vui lòng đợi.\n"}],"text":""}
[-][11:56:20 PM] Disconnected. Reconnecting in 20s (fail #2)...
[*][11:56:40 PM] Connecting Sonar -> aquamc.vn:25565 (1.20.1)...
[+][11:56:41 PM] Logged in as Sonar
[CHAT][11:56:41 PM] AQUAMC NETWORK! » Bạn đã vượt qua xác minh. Vui lòng reconnect để vào chơi.
[-][11:56:41 PM] Disconnected. Reconnecting in 15s (fail #1)...
[*][11:56:56 PM] Connecting Sonar -> aquamc.vn:25565 (1.20.1)...
[!][11:56:56 PM] Kicked: {"extra":[{"bold":true,"color":"yellow","text":"Check!"},"\n\n",{"color":"gold","extra":[{"color":"gray","text":"Chờ vài giây rồi thử lại.\nNếu bạn nghĩ đây là sai sót, hãy liên hệ quản trị viên."}],"text":"Bạn reconnect quá nhanh, vui lòng đợi.\n"}],"text":""}
[-][11:56:56 PM] Disconnected. Reconnecting in 20s (fail #2)...
[*][11:57:16 PM] Connecting Sonar -> aquamc.vn:25565 (1.20.1)...
[+][11:57:17 PM] Logged in as Sonar
[CHAT][11:57:17 PM] AQUAMC NETWORK! » Bạn đã vượt qua xác minh. Vui lòng reconnect để vào chơi.
[-][11:57:17 PM] Disconnected. Reconnecting in 15s (fail #1)...
[*][11:57:32 PM] Connecting Sonar -> aquamc.vn:25565 (1.20.1)...
[!][11:57:32 PM] Kicked: {"extra":[{"bold":true,"color":"yellow","text":"Check!"},"\n\n",{"color":"gold","extra":[{"color":"gray","text":"Chờ vài giây rồi thử lại.\nNếu bạn nghĩ đây là sai sót, hãy liên hệ quản trị viên."}],"text":"Bạn reconnect quá nhanh, vui lòng đợi.\n"}],"text":""}
[-][11:57:32 PM] Disconnected. Reconnecting in 20s (fail #2)...
[*][11:57:52 PM] Connecting Sonar -> aquamc.vn:25565 (1.20.1)...
[+][11:57:53 PM] Logged in as Sonar
[CHAT][11:57:53 PM] AQUAMC NETWORK! » Bạn đã vượt qua xác minh. Vui lòng reconnect để vào chơi.
[-][11:57:53 PM] Disconnected. Reconnecting in 15s (fail #1)...
[*][11:58:08 PM] Connecting Sonar -> aquamc.vn:25565 (1.20.1)...
[!][11:58:08 PM] Kicked: {"extra":[{"bold":true,"color":"yellow","text":"Check!"},"\n\n",{"color":"gold","extra":[{"color":"gray","text":"Chờ vài giây rồi thử lại.\nNếu bạn nghĩ đây là sai sót, hãy liên hệ quản trị viên."}],"text":"Bạn reconnect quá nhanh, vui lòng đợi.\n"}],"text":""}
[-][11:58:08 PM] Disconnected. Reconnecting in 20s (fail #2)...
[*][11:58:28 PM] Connecting Sonar -> aquamc.vn:25565 (1.20.1)...
[+][11:58:29 PM] Logged in as Sonar
[CHAT][11:58:29 PM] AQUAMC NETWORK! » Bạn đã vượt qua xác minh. Vui lòng reconnect để vào chơi.
[-][11:58:29 PM] Disconnected. Reconnecting in 15s (fail #1)...
[*][11:58:44 PM] Connecting Sonar -> aquamc.vn:25565 (1.20.1)...
[!][11:58:44 PM] Kicked: {"extra":[{"bold":true,"color":"yellow","text":"Check!"},"\n\n",{"color":"gold","extra":[{"color":"gray","text":"Chờ vài giây rồi thử lại.\nNếu bạn nghĩ đây là sai sót, hãy liên hệ quản trị viên."}],"text":"Bạn reconnect quá nhanh, vui lòng đợi.\n"}],"text":""}
[-][11:58:44 PM] Disconnected. Reconnecting in 20s (fail #2)...
[*][11:59:04 PM] Connecting Sonar -> aquamc.vn:25565 (1.20.1)...
[+][11:59:05 PM] Logged in as Sonar
[CHAT][11:59:05 PM] AQUAMC NETWORK! » Bạn đã vượt qua xác minh. Vui lòng reconnect để vào chơi.
[-][11:59:05 PM] Disconnected. Reconnecting in 15s (fail #1)...
[*][11:59:20 PM] Connecting Sonar -> aquamc.vn:25565 (1.20.1)...
[!][11:59:20 PM] Kicked: {"extra":[{"bold":true,"color":"yellow","text":"Check!"},"\n\n",{"color":"gold","extra":[{"color":"gray","text":"Chờ vài giây rồi thử lại.\nNếu bạn nghĩ đây là sai sót, hãy liên hệ quản trị viên."}],"text":"Bạn reconnect quá nhanh, vui lòng đợi.\n"}],"text":""}
[-][11:59:20 PM] Disconnected. Reconnecting in 20s (fail #2)...
[*][11:59:40 PM] Connecting Sonar -> aquamc.vn:25565 (1.20.1)...
[+][11:59:41 PM] Logged in as Sonar
[CHAT][11:59:41 PM] AQUAMC NETWORK! » Bạn đã vượt qua xác minh. Vui lòng reconnect để vào chơi.
[-][11:59:41 PM] Disconnected. Reconnecting in 15s (fail #1)...
[*][11:59:56 PM] Connecting Sonar -> aquamc.vn:25565 (1.20.1)...
[!][11:59:56 PM] Kicked: {"extra":[{"bold":true,"color":"yellow","text":"Check!"},"\n\n",{"color":"gold","extra":[{"color":"gray","text":"Chờ vài giây rồi thử lại.\nNếu bạn nghĩ đây là sai sót, hãy liên hệ quản trị viên."}],"text":"Bạn reconnect quá nhanh, vui lòng đợi.\n"}],"text":""}
[-][11:59:56 PM] Disconnected. Reconnecting in 20s (fail #2)...
[*][12:00:16 AM] Connecting Sonar -> aquamc.vn:25565 (1.20.1)...
[+][12:00:17 AM] Logged in as Sonar
[CHAT][12:00:17 AM] AQUAMC NETWORK! » Bạn đã vượt qua xác minh. Vui lòng reconnect để vào chơi.
[-][12:00:17 AM] Disconnected. Reconnecting in 15s (fail #1)...
[*][12:00:32 AM] Connecting Sonar -> aquamc.vn:25565 (1.20.1)...
[!][12:00:32 AM] Kicked: {"extra":[{"bold":true,"color":"yellow","text":"Check!"},"\n\n",{"color":"gold","extra":[{"color":"gray","text":"Chờ vài giây rồi thử lại.\nNếu bạn nghĩ đây là sai sót, hãy liên hệ quản trị viên."}],"text":"Bạn reconnect quá nhanh, vui lòng đợi.\n"}],"text":""}
[-][12:00:32 AM] Disconnected. Reconnecting in 20s (fail #2)...
[*][12:00:52 AM] Connecting Sonar -> aquamc.vn:25565 (1.20.1)...
[+][12:00:53 AM] Logged in as Sonar
[CHAT][12:00:53 AM] AQUAMC NETWORK! » Bạn đã vượt qua xác minh. Vui lòng reconnect để vào chơi.
[-][12:00:53 AM] Disconnected. Reconnecting in 15s (fail #1)...
[*][12:01:08 AM] Connecting Sonar -> aquamc.vn:25565 (1.20.1)...
[!][12:01:08 AM] Kicked: {"extra":[{"bold":true,"color":"yellow","text":"Check!"},"\n\n",{"color":"gold","extra":[{"color":"gray","text":"Chờ vài giây rồi thử lại.\nNếu bạn nghĩ đây là sai sót, hãy liên hệ quản trị viên."}],"text":"Bạn reconnect quá nhanh, vui lòng đợi.\n"}],"text":""}
[-][12:01:08 AM] Disconnected. Reconnecting in 20s (fail #2)...
[*][12:01:28 AM] Connecting Sonar -> aquamc.vn:25565 (1.20.1)...
[+][12:01:29 AM] Logged in as Sonar
[CHAT][12:01:29 AM] AQUAMC NETWORK! » Bạn đã vượt qua xác minh. Vui lòng reconnect để vào chơi.
[-][12:01:29 AM] Disconnected. Reconnecting in 15s (fail #1)...
[*][12:01:44 AM] Connecting Sonar -> aquamc.vn:25565 (1.20.1)...
[!][12:01:44 AM] Kicked: {"extra":[{"bold":true,"color":"yellow","text":"Check!"},"\n\n",{"color":"gold","extra":[{"color":"gray","text":"Chờ vài giây rồi thử lại.\nNếu bạn nghĩ đây là sai sót, hãy liên hệ quản trị viên."}],"text":"Bạn reconnect quá nhanh, vui lòng đợi.\n"}],"text":""}
[-][12:01:44 AM] Disconnected. Reconnecting in 20s (fail #2)...
[*][12:02:04 AM] Connecting Sonar -> aquamc.vn:25565 (1.20.1)...
[+][12:02:05 AM] Logged in as Sonar
[CHAT][12:02:05 AM] AQUAMC NETWORK! » Bạn đã vượt qua xác minh. Vui lòng reconnect để vào chơi.
[-][12:02:05 AM] Disconnected. Reconnecting in 15s (fail #1)...
[*][12:02:20 AM] Connecting Sonar -> aquamc.vn:25565 (1.20.1)...
[!][12:02:20 AM] Kicked: {"extra":[{"bold":true,"color":"yellow","text":"Check!"},"\n\n",{"color":"gold","extra":[{"color":"gray","text":"Chờ vài giây rồi thử lại.\nNếu bạn nghĩ đây là sai sót, hãy liên hệ quản trị viên."}],"text":"Bạn reconnect quá nhanh, vui lòng đợi.\n"}],"text":""}
[-][12:02:20 AM] Disconnected. Reconnecting in 20s (fail #2)...
[*][12:02:40 AM] Connecting Sonar -> aquamc.vn:25565 (1.20.1)...
[+][12:02:41 AM] Logged in as Sonar
[CHAT][12:02:41 AM] AQUAMC NETWORK! » Bạn đã vượt qua xác minh. Vui lòng reconnect để vào chơi.
[-][12:02:41 AM] Disconnected. Reconnecting in 15s (fail #1)...
[*][12:02:56 AM] Connecting Sonar -> aquamc.vn:25565 (1.20.1)...
[!][12:02:56 AM] Kicked: {"extra":[{"bold":true,"color":"yellow","text":"Check!"},"\n\n",{"color":"gold","extra":[{"color":"gray","text":"Chờ vài giây rồi thử lại.\nNếu bạn nghĩ đây là sai sót, hãy liên hệ quản trị viên."}],"text":"Bạn reconnect quá nhanh, vui lòng đợi.\n"}],"text":""}
[-][12:02:56 AM] Disconnected. Reconnecting in 20s (fail #2)...
[*][12:03:16 AM] Connecting Sonar -> aquamc.vn:25565 (1.20.1)...
[+][12:03:17 AM] Logged in as Sonar
[CHAT][12:03:17 AM] AQUAMC NETWORK! » Bạn đã vượt qua xác minh. Vui lòng reconnect để vào chơi.
[-][12:03:17 AM] Disconnected. Reconnecting in 15s (fail #1)...
[*][12:03:32 AM] Connecting Sonar -> aquamc.vn:25565 (1.20.1)...
[!][12:03:32 AM] Kicked: {"extra":[{"bold":true,"color":"yellow","text":"Check!"},"\n\n",{"color":"gold","extra":[{"color":"gray","text":"Chờ vài giây rồi thử lại.\nNếu bạn nghĩ đây là sai sót, hãy liên hệ quản trị viên."}],"text":"Bạn reconnect quá nhanh, vui lòng đợi.\n"}],"text":""}
[-][12:03:32 AM] Disconnected. Reconnecting in 20s (fail #2)...
[*][12:03:52 AM] Connecting Sonar -> aquamc.vn:25565 (1.20.1)...
[+][12:03:53 AM] Logged in as Sonar
[CHAT][12:03:53 AM] AQUAMC NETWORK! » Bạn đã vượt qua xác minh. Vui lòng reconnect để vào chơi.
[-][12:03:53 AM] Disconnected. Reconnecting in 15s (fail #1)...
[*][12:04:08 AM] Connecting Sonar -> aquamc.vn:25565 (1.20.1)...
[!][12:04:08 AM] Kicked: {"extra":[{"bold":true,"color":"yellow","text":"Check!"},"\n\n",{"color":"gold","extra":[{"color":"gray","text":"Chờ vài giây rồi thử lại.\nNếu bạn nghĩ đây là sai sót, hãy liên hệ quản trị viên."}],"text":"Bạn reconnect quá nhanh, vui lòng đợi.\n"}],"text":""}
[-][12:04:08 AM] Disconnected. Reconnecting in 20s (fail #2)...
[*][12:04:28 AM] Connecting Sonar -> aquamc.vn:25565 (1.20.1)...
[+][12:04:29 AM] Logged in as Sonar
[CHAT][12:04:29 AM] AQUAMC NETWORK! » Bạn đã vượt qua xác minh. Vui lòng reconnect để vào chơi.
[-][12:04:29 AM] Disconnected. Reconnecting in 15s (fail #1)...
[*][12:04:44 AM] Connecting Sonar -> aquamc.vn:25565 (1.20.1)...
[!][12:04:44 AM] Kicked: {"extra":[{"bold":true,"color":"yellow","text":"Check!"},"\n\n",{"color":"gold","extra":[{"color":"gray","text":"Chờ vài giây rồi thử lại.\nNếu bạn nghĩ đây là sai sót, hãy liên hệ quản trị viên."}],"text":"Bạn reconnect quá nhanh, vui lòng đợi.\n"}],"text":""}
[-][12:04:44 AM] Disconnected. Reconnecting in 20s (fail #2)...
[*][12:05:04 AM] Connecting Sonar -> aquamc.vn:25565 (1.20.1)...
[+][12:05:05 AM] Logged in as Sonar
[CHAT][12:05:05 AM] AQUAMC NETWORK! » Bạn đã vượt qua xác minh. Vui lòng reconnect để vào chơi.
[-][12:05:05 AM] Disconnected. Reconnecting in 15s (fail #1)...
[*][12:05:20 AM] Connecting Sonar -> aquamc.vn:25565 (1.20.1)...
[!][12:05:20 AM] Kicked: {"extra":[{"bold":true,"color":"yellow","text":"Check!"},"\n\n",{"color":"gold","extra":[{"color":"gray","text":"Chờ vài giây rồi thử lại.\nNếu bạn nghĩ đây là sai sót, hãy liên hệ quản trị viên."}],"text":"Bạn reconnect quá nhanh, vui lòng đợi.\n"}],"text":""}
[-][12:05:20 AM] Disconnected. Reconnecting in 20s (fail #2)...
[*][12:05:40 AM] Connecting Sonar -> aquamc.vn:25565 (1.20.1)...
[+][12:05:41 AM] Logged in as Sonar
[CHAT][12:05:41 AM] AQUAMC NETWORK! » Bạn đã vượt qua xác minh. Vui lòng reconnect để vào chơi.
[-][12:05:41 AM] Disconnected. Reconnecting in 15s (fail #1)...
[*][12:05:56 AM] Connecting Sonar -> aquamc.vn:25565 (1.20.1)...
[!][12:05:56 AM] Kicked: {"extra":[{"bold":true,"color":"yellow","text":"Check!"},"\n\n",{"color":"gold","extra":[{"color":"gray","text":"Chờ vài giây rồi thử lại.\nNếu bạn nghĩ đây là sai sót, hãy liên hệ quản trị viên."}],"text":"Bạn reconnect quá nhanh, vui lòng đợi.\n"}],"text":""}
[-][12:05:56 AM] Disconnected. Reconnecting in 20s (fail #2)...
[*][12:06:16 AM] Connecting Sonar -> aquamc.vn:25565 (1.20.1)...
[+][12:06:17 AM] Logged in as Sonar
[CHAT][12:06:17 AM] AQUAMC NETWORK! » Bạn đã vượt qua xác minh. Vui lòng reconnect để vào chơi.
[-][12:06:17 AM] Disconnected. Reconnecting in 15s (fail #1)...
[*][12:06:32 AM] Connecting Sonar -> aquamc.vn:25565 (1.20.1)...
[!][12:06:32 AM] Kicked: {"text":"You are logging in too fast, try again later."}
[-][12:06:32 AM] Disconnected. Reconnecting in 20s (fail #2)...
[*][12:06:52 AM] Connecting Sonar -> aquamc.vn:25565 (1.20.1)...
[+][12:06:53 AM] Logged in as Sonar
[CHAT][12:06:53 AM] AQUAMC NETWORK! » Bạn đã vượt qua xác minh. Vui lòng reconnect để vào chơi.
[-][12:06:53 AM] Disconnected. Reconnecting in 15s (fail #1)...
[*][12:07:08 AM] Connecting Sonar -> aquamc.vn:25565 (1.20.1)...
[!][12:07:08 AM] Kicked: {"extra":[{"bold":true,"color":"yellow","text":"Check!"},"\n\n",{"color":"gold","extra":[{"color":"gray","text":"Chờ vài giây rồi thử lại.\nNếu bạn nghĩ đây là sai sót, hãy liên hệ quản trị viên."}],"text":"Bạn reconnect quá nhanh, vui lòng đợi.\n"}],"text":""}
[-][12:07:08 AM] Disconnected. Reconnecting in 20s (fail #2)...
[*][12:07:28 AM] Connecting Sonar -> aquamc.vn:25565 (1.20.1)...
[+][12:07:29 AM] Logged in as Sonar
[CHAT][12:07:29 AM] AQUAMC NETWORK! » Bạn đã vượt qua xác minh. Vui lòng reconnect để vào chơi.
[-][12:07:29 AM] Disconnected. Reconnecting in 15s (fail #1)...
[*][12:07:44 AM] Connecting Sonar -> aquamc.vn:25565 (1.20.1)...
[!][12:07:44 AM] Kicked: {"extra":[{"bold":true,"color":"yellow","text":"Check!"},"\n\n",{"color":"gold","extra":[{"color":"gray","text":"Chờ vài giây rồi thử lại.\nNếu bạn nghĩ đây là sai sót, hãy liên hệ quản trị viên."}],"text":"Bạn reconnect quá nhanh, vui lòng đợi.\n"}],"text":""}
[-][12:07:44 AM] Disconnected. Reconnecting in 20s (fail #2)...
[*][12:08:04 AM] Connecting Sonar -> aquamc.vn:25565 (1.20.1)...
[+][12:08:05 AM] Logged in as Sonar
[CHAT][12:08:05 AM] AQUAMC NETWORK! » Bạn đã vượt qua xác minh. Vui lòng reconnect để vào chơi.
[-][12:08:05 AM] Disconnected. Reconnecting in 15s (fail #1)...
[*][12:08:20 AM] Connecting Sonar -> aquamc.vn:25565 (1.20.1)...
[!][12:08:20 AM] Kicked: {"text":"You are logging in too fast, try again later."}
[-][12:08:20 AM] Disconnected. Reconnecting in 20s (fail #2)...
[*][12:08:40 AM] Connecting Sonar -> aquamc.vn:25565 (1.20.1)...
[+][12:08:41 AM] Logged in as Sonar
[CHAT][12:08:41 AM] AQUAMC NETWORK! » Bạn đã vượt qua xác minh. Vui lòng reconnect để vào chơi.
[-][12:08:41 AM] Disconnected. Reconnecting in 15s (fail #1)...
[*][12:08:56 AM] Connecting Sonar -> aquamc.vn:25565 (1.20.1)...
[!][12:08:56 AM] Kicked: {"extra":[{"bold":true,"color":"yellow","text":"Check!"},"\n\n",{"color":"gold","extra":[{"color":"gray","text":"Chờ vài giây rồi thử lại.\nNếu bạn nghĩ đây là sai sót, hãy liên hệ quản trị viên."}],"text":"Bạn reconnect quá nhanh, vui lòng đợi.\n"}],"text":""}
[-][12:08:56 AM] Disconnected. Reconnecting in 20s (fail #2)...
[*][12:09:16 AM] Connecting Sonar -> aquamc.vn:25565 (1.20.1)...
[+][12:09:17 AM] Logged in as Sonar
[CHAT][12:09:17 AM] AQUAMC NETWORK! » Bạn đã vượt qua xác minh. Vui lòng reconnect để vào chơi.
[-][12:09:17 AM] Disconnected. Reconnecting in 15s (fail #1)...
[*][12:09:32 AM] Connecting Sonar -> aquamc.vn:25565 (1.20.1)...
[!][12:09:32 AM] Kicked: {"extra":[{"bold":true,"color":"yellow","text":"Check!"},"\n\n",{"color":"gold","extra":[{"color":"gray","text":"Chờ vài giây rồi thử lại.\nNếu bạn nghĩ đây là sai sót, hãy liên hệ quản trị viên."}],"text":"Bạn reconnect quá nhanh, vui lòng đợi.\n"}],"text":""}
[-][12:09:32 AM] Disconnected. Reconnecting in 20s (fail #2)...
[*][12:09:52 AM] Connecting Sonar -> aquamc.vn:25565 (1.20.1)...
[+][12:09:53 AM] Logged in as Sonar
[CHAT][12:09:53 AM] AQUAMC NETWORK! » Bạn đã vượt qua xác minh. Vui lòng reconnect để vào chơi.
[-][12:09:53 AM] Disconnected. Reconnecting in 15s (fail #1)...
[*][12:10:08 AM] Connecting Sonar -> aquamc.vn:25565 (1.20.1)...
[!][12:10:08 AM] Kicked: {"extra":[{"bold":true,"color":"yellow","text":"Check!"},"\n\n",{"color":"gold","extra":[{"color":"gray","text":"Chờ vài giây rồi thử lại.\nNếu bạn nghĩ đây là sai sót, hãy liên hệ quản trị viên."}],"text":"Bạn reconnect quá nhanh, vui lòng đợi.\n"}],"text":""}
[-][12:10:08 AM] Disconnected. Reconnecting in 20s (fail #2)...
[*][12:10:28 AM] Connecting Sonar -> aquamc.vn:25565 (1.20.1)...
[!][12:10:28 AM] Kicked: {"text":"You are logging in too fast, try again later."}
[-][12:10:28 AM] Disconnected. Reconnecting in 25s (fail #3)...
[*][12:10:53 AM] Connecting Sonar -> aquamc.vn:25565 (1.20.1)...
[!][12:10:53 AM] Kicked: {"extra":[{"bold":true,"color":"yellow","text":"Check!"},"\n\n",{"color":"gold","extra":[{"color":"gray","text":"Chờ vài giây rồi thử lại.\nNếu bạn nghĩ đây là sai sót, hãy liên hệ quản trị viên."}],"text":"Bạn reconnect quá nhanh, vui lòng đợi.\n"}],"text":""}
[-][12:10:53 AM] Disconnected. Reconnecting in 30s (fail #4)...
[*][12:11:24 AM] Connecting Sonar -> aquamc.vn:25565 (1.20.1)...
[!][12:11:24 AM] Kicked: {"extra":[{"bold":true,"color":"yellow","text":"Check!"},"\n\n",{"color":"gold","extra":[{"color":"gray","text":"Chờ vài giây rồi thử lại.\nNếu bạn nghĩ đây là sai sót, hãy liên hệ quản trị viên."}],"text":"Bạn reconnect quá nhanh, vui lòng đợi.\n"}],"text":""}
[-][12:11:24 AM] Disconnected. Reconnecting in 35s (fail #5)...
[*][12:11:59 AM] Connecting Sonar -> aquamc.vn:25565 (1.20.1)...
[!][12:11:59 AM] Kicked: {"extra":[{"bold":true,"color":"yellow","text":"Check!"},"\n\n",{"color":"red","extra":[{"color":"gold","extra":[{"color":"gray","text":"https://discord.gg/QwZAHFwBc9\nNếu bạn nghĩ đây là sai sót, hãy liên hệ quản trị viên."}],"text":"Cần giúp? "}],"text":"Bạn hiện bị chặn truy cập.\nVui lòng thử lại sau vài phút.\n"}],"text":""}
[-][12:11:59 AM] Disconnected. Reconnecting in 40s (fail #6)...
[*][12:12:39 AM] Connecting Sonar -> aquamc.vn:25565 (1.20.1)...
[!][12:12:39 AM] Kicked: {"extra":[{"bold":true,"color":"yellow","text":"Check!"},"\n\n",{"color":"red","extra":[{"color":"gold","extra":[{"color":"gray","text":"https://discord.gg/QwZAHFwBc9\nNếu bạn nghĩ đây là sai sót, hãy liên hệ quản trị viên."}],"text":"Cần giúp? "}],"text":"Bạn hiện bị chặn truy cập.\nVui lòng thử lại sau vài phút.\n"}],"text":""}
[-][12:12:39 AM] Disconnected. Reconnecting in 45s (fail #7)...
[*][12:13:24 AM] Connecting Sonar -> aquamc.vn:25565 (1.20.1)...
[!][12:13:24 AM] Kicked: {"extra":[{"bold":true,"color":"yellow","text":"Check!"},"\n\n",{"color":"red","extra":[{"color":"gold","extra":[{"color":"gray","text":"https://discord.gg/QwZAHFwBc9\nNếu bạn nghĩ đây là sai sót, hãy liên hệ quản trị viên."}],"text":"Cần giúp? "}],"text":"Bạn hiện bị chặn truy cập.\nVui lòng thử lại sau vài phút.\n"}],"text":""}
[-][12:13:24 AM] Disconnected. Reconnecting in 50s (fail #8)...
[*][12:14:14 AM] Connecting Sonar -> aquamc.vn:25565 (1.20.1)...
[!][12:14:14 AM] Kicked: {"extra":[{"bold":true,"color":"yellow","text":"Check!"},"\n\n",{"color":"red","extra":[{"color":"gold","extra":[{"color":"gray","text":"https://discord.gg/QwZAHFwBc9\nNếu bạn nghĩ đây là sai sót, hãy liên hệ quản trị viên."}],"text":"Cần giúp? "}],"text":"Bạn hiện bị chặn truy cập.\nVui lòng thử lại sau vài phút.\n"}],"text":""}
[-][12:14:14 AM] Disconnected. Reconnecting in 55s (fail #9)...
[*][12:15:09 AM] Connecting Sonar -> aquamc.vn:25565 (1.20.1)...
[!][12:15:09 AM] Kicked: {"extra":[{"bold":true,"color":"yellow","text":"Check!"},"\n\n",{"color":"red","extra":[{"color":"gold","extra":[{"color":"gray","text":"https://discord.gg/QwZAHFwBc9\nNếu bạn nghĩ đây là sai sót, hãy liên hệ quản trị viên."}],"text":"Cần giúp? "}],"text":"Bạn hiện bị chặn truy cập.\nVui lòng thử lại sau vài phút.\n"}],"text":""}
[-][12:15:09 AM] Disconnected. Reconnecting in 60s (fail #10)...
[*][12:16:09 AM] Connecting Sonar -> aquamc.vn:25565 (1.20.1)...
[!][12:16:09 AM] Kicked: {"extra":[{"bold":true,"color":"yellow","text":"Check!"},"\n\n",{"color":"red","extra":[{"color":"gold","extra":[{"color":"gray","text":"https://discord.gg/QwZAHFwBc9\nNếu bạn nghĩ đây là sai sót, hãy liên hệ quản trị viên."}],"text":"Cần giúp? "}],"text":"Bạn hiện bị chặn truy cập.\nVui lòng thử lại sau vài phút.\n"}],"text":""}
[-][12:16:09 AM] Disconnected. Reconnecting in 60s (fail #11)...
[*][12:17:09 AM] Connecting Sonar -> aquamc.vn:25565 (1.20.1)...
[!][12:17:09 AM] Kicked: {"extra":[{"bold":true,"color":"yellow","text":"Check!"},"\n\n",{"color":"red","extra":[{"color":"gold","extra":[{"color":"gray","text":"https://discord.gg/QwZAHFwBc9\nNếu bạn nghĩ đây là sai sót, hãy liên hệ quản trị viên."}],"text":"Cần giúp? "}],"text":"Bạn hiện bị chặn truy cập.\nVui lòng thử lại sau vài phút.\n"}],"text":""}
[-][12:17:09 AM] Disconnected. Reconnecting in 60s (fail #12)...
[*][12:18:09 AM] Connecting Sonar -> aquamc.vn:25565 (1.20.1)...
[!][12:18:10 AM] Kicked: {"extra":[{"bold":true,"color":"yellow","text":"Check!"},"\n\n",{"color":"red","extra":[{"color":"gold","extra":[{"color":"gray","text":"https://discord.gg/QwZAHFwBc9\nNếu bạn nghĩ đây là sai sót, hãy liên hệ quản trị viên."}],"text":"Cần giúp? "}],"text":"Bạn hiện bị chặn truy cập.\nVui lòng thử lại sau vài phút.\n"}],"text":""}
[-][12:18:10 AM] Disconnected. Reconnecting in 60s (fail #13)...
[*][12:19:10 AM] Connecting Sonar -> aquamc.vn:25565 (1.20.1)...
[!][12:19:10 AM] Kicked: {"extra":[{"bold":true,"color":"yellow","text":"Check!"},"\n\n",{"color":"red","extra":[{"color":"gold","extra":[{"color":"gray","text":"https://discord.gg/QwZAHFwBc9\nNếu bạn nghĩ đây là sai sót, hãy liên hệ quản trị viên."}],"text":"Cần giúp? "}],"text":"Bạn hiện bị chặn truy cập.\nVui lòng thử lại sau vài phút.\n"}],"text":""}
[-][12:19:10 AM] Disconnected. Reconnecting in 60s (fail #14)...
[*][12:20:10 AM] Connecting Sonar -> aquamc.vn:25565 (1.20.1)...
[!][12:20:10 AM] Kicked: {"extra":[{"bold":true,"color":"yellow","text":"Check!"},"\n\n",{"color":"red","extra":[{"color":"gold","extra":[{"color":"gray","text":"https://discord.gg/QwZAHFwBc9\nNếu bạn nghĩ đây là sai sót, hãy liên hệ quản trị viên."}],"text":"Cần giúp? "}],"text":"Bạn hiện bị chặn truy cập.\nVui lòng thử lại sau vài phút.\n"}],"text":""}
[-][12:20:10 AM] Disconnected. Reconnecting in 60s (fail #15)...
[*][12:21:10 AM] Connecting Sonar -> aquamc.vn:25565 (1.20.1)...
[!][12:21:10 AM] Kicked: {"extra":[{"bold":true,"color":"yellow","text":"Check!"},"\n\n",{"color":"red","extra":[{"color":"gold","extra":[{"color":"gray","text":"https://discord.gg/QwZAHFwBc9\nNếu bạn nghĩ đây là sai sót, hãy liên hệ quản trị viên."}],"text":"Cần giúp? "}],"text":"Bạn hiện bị chặn truy cập.\nVui lòng thử lại sau vài phút.\n"}],"text":""}
[-][12:21:10 AM] Disconnected. Reconnecting in 60s (fail #16)...
[*][12:22:10 AM] Connecting Sonar -> aquamc.vn:25565 (1.20.1)...
[!][12:22:10 AM] Kicked: {"extra":[{"bold":true,"color":"yellow","text":"Check!"},"\n\n",{"color":"red","extra":[{"color":"gold","extra":[{"color":"gray","text":"https://discord.gg/QwZAHFwBc9\nNếu bạn nghĩ đây là sai sót, hãy liên hệ quản trị viên."}],"text":"Cần giúp? "}],"text":"Bạn hiện bị chặn truy cập.\nVui lòng thử lại sau vài phút.\n"}],"text":""}
[-][12:22:10 AM] Disconnected. Reconnecting in 60s (fail #17)...
[*][12:23:10 AM] Connecting Sonar -> aquamc.vn:25565 (1.20.1)...
[!][12:23:10 AM] Kicked: {"extra":[{"bold":true,"color":"yellow","text":"Check!"},"\n\n",{"color":"red","extra":[{"color":"gold","extra":[{"color":"gray","text":"https://discord.gg/QwZAHFwBc9\nNếu bạn nghĩ đây là sai sót, hãy liên hệ quản trị viên."}],"text":"Cần giúp? "}],"text":"Bạn hiện bị chặn truy cập.\nVui lòng thử lại sau vài phút.\n"}],"text":""}
[-][12:23:10 AM] Disconnected. Reconnecting in 60s (fail #18)...
[*][12:24:10 AM] Connecting Sonar -> aquamc.vn:25565 (1.20.1)...
[!][12:24:10 AM] Kicked: {"extra":[{"bold":true,"color":"yellow","text":"Check!"},"\n\n",{"color":"red","extra":[{"color":"gold","extra":[{"color":"gray","text":"https://discord.gg/QwZAHFwBc9\nNếu bạn nghĩ đây là sai sót, hãy liên hệ quản trị viên."}],"text":"Cần giúp? "}],"text":"Bạn hiện bị chặn truy cập.\nVui lòng thử lại sau vài phút.\n"}],"text":""}
[-][12:24:10 AM] Disconnected. Reconnecting in 60s (fail #19)...
[*][12:25:10 AM] Connecting Sonar -> aquamc.vn:25565 (1.20.1)...
[!][12:25:11 AM] Kicked: {"extra":[{"bold":true,"color":"yellow","text":"Check!"},"\n\n",{"color":"red","extra":[{"color":"gold","extra":[{"color":"gray","text":"https://discord.gg/QwZAHFwBc9\nNếu bạn nghĩ đây là sai sót, hãy liên hệ quản trị viên."}],"text":"Cần giúp? "}],"text":"Bạn hiện bị chặn truy cập.\nVui lòng thử lại sau vài phút.\n"}],"text":""}
[-][12:25:11 AM] Disconnected. Reconnecting in 60s (fail #20)...
[*][12:26:11 AM] Connecting Sonar -> aquamc.vn:25565 (1.20.1)...
[!][12:26:11 AM] Kicked: {"extra":[{"bold":true,"color":"yellow","text":"Check!"},"\n\n",{"color":"red","extra":[{"color":"gold","extra":[{"color":"gray","text":"https://discord.gg/QwZAHFwBc9\nNếu bạn nghĩ đây là sai sót, hãy liên hệ quản trị viên."}],"text":"Cần giúp? "}],"text":"Bạn hiện bị chặn truy cập.\nVui lòng thử lại sau vài phút.\n"}],"text":""}
[-][12:26:11 AM] Disconnected. Reconnecting in 60s (fail #21)...
[*][12:27:11 AM] Connecting Sonar -> aquamc.vn:25565 (1.20.1)...
[+][12:27:11 AM] Logged in as Sonar
[CHAT][12:27:11 AM] AQUAMC NETWORK! » Bạn đã vượt qua xác minh. Vui lòng reconnect để vào chơi.
[-][12:27:11 AM] Disconnected. Reconnecting in 15s (fail #1)...
[*][12:27:26 AM] Connecting Sonar -> aquamc.vn:25565 (1.20.1)...
[!][12:27:26 AM] Kicked: {"extra":[{"bold":true,"color":"yellow","text":"Check!"},"\n\n",{"color":"gold","extra":[{"color":"gray","text":"Chờ vài giây rồi thử lại.\nNếu bạn nghĩ đây là sai sót, hãy liên hệ quản trị viên."}],"text":"Bạn reconnect quá nhanh, vui lòng đợi.\n"}],"text":""}
[-][12:27:26 AM] Disconnected. Reconnecting in 20s (fail #2)...
[*][12:27:46 AM] Connecting Sonar -> aquamc.vn:25565 (1.20.1)...
[+][12:27:47 AM] Logged in as Sonar
[CHAT][12:27:47 AM] AQUAMC NETWORK! » Bạn đã vượt qua xác minh. Vui lòng reconnect để vào chơi.
[!][12:27:47 AM] Kicked: {"extra":[{"bold":true,"color":"yellow","text":"Check!"},"\n\n",{"color":"red","extra":[{"color":"gray","extra":[{"color":"gold","extra":[{"color":"gray","text":"https://discord.gg/QwZAHFwBc9\nNếu bạn nghĩ đây là sai sót, hãy liên hệ quản trị viên."}],"text":"Cần hỗ trợ? "}],"text":"Vui lòng chờ vài giây rồi thử lại.\n"}],"text":"Xác minh thất bại.\n"}],"text":""}
[-][12:27:47 AM] Disconnected. Reconnecting in 15s (fail #1)...
[*][12:28:02 AM] Connecting Sonar -> aquamc.vn:25565 (1.20.1)...
[!][12:28:02 AM] Kicked: {"extra":[{"bold":true,"color":"yellow","text":"Check!"},"\n\n",{"color":"gold","extra":[{"color":"gray","text":"Chờ vài giây rồi thử lại.\nNếu bạn nghĩ đây là sai sót, hãy liên hệ quản trị viên."}],"text":"Bạn reconnect quá nhanh, vui lòng đợi.\n"}],"text":""}
[-][12:28:02 AM] Disconnected. Reconnecting in 20s (fail #2)...
[*][12:28:22 AM] Connecting Sonar -> aquamc.vn:25565 (1.20.1)...
[+][12:28:23 AM] Logged in as Sonar
[CHAT][12:28:23 AM] AQUAMC NETWORK! » Bạn đã vượt qua xác minh. Vui lòng reconnect để vào chơi.
[-][12:28:23 AM] Disconnected. Reconnecting in 15s (fail #1)...
[*][12:28:38 AM] Connecting Sonar -> aquamc.vn:25565 (1.20.1)...
[!][12:28:38 AM] Kicked: {"extra":[{"bold":true,"color":"yellow","text":"Check!"},"\n\n",{"color":"gold","extra":[{"color":"gray","text":"Chờ vài giây rồi thử lại.\nNếu bạn nghĩ đây là sai sót, hãy liên hệ quản trị viên."}],"text":"Bạn reconnect quá nhanh, vui lòng đợi.\n"}],"text":""}
[-][12:28:38 AM] Disconnected. Reconnecting in 20s (fail #2)...
[*][12:28:58 AM] Connecting Sonar -> aquamc.vn:25565 (1.20.1)...
[+][12:28:59 AM] Logged in as Sonar
[CHAT][12:28:59 AM] AQUAMC NETWORK! » Bạn đã vượt qua xác minh. Vui lòng reconnect để vào chơi.
[-][12:28:59 AM] Disconnected. Reconnecting in 15s (fail #1)...
[*][12:29:14 AM] Connecting Sonar -> aquamc.vn:25565 (1.20.1)...
[!][12:29:14 AM] Kicked: {"extra":[{"bold":true,"color":"yellow","text":"Check!"},"\n\n",{"color":"gold","extra":[{"color":"gray","text":"Chờ vài giây rồi thử lại.\nNếu bạn nghĩ đây là sai sót, hãy liên hệ quản trị viên."}],"text":"Bạn reconnect quá nhanh, vui lòng đợi.\n"}],"text":""}
[-][12:29:14 AM] Disconnected. Reconnecting in 20s (fail #2)...
[*][12:29:34 AM] Connecting Sonar -> aquamc.vn:25565 (1.20.1)...
[+][12:29:35 AM] Logged in as Sonar
[CHAT][12:29:35 AM] AQUAMC NETWORK! » Bạn đã vượt qua xác minh. Vui lòng reconnect để vào chơi.
[-][12:29:35 AM] Disconnected. Reconnecting in 15s (fail #1)...
[*][12:29:50 AM] Connecting Sonar -> aquamc.vn:25565 (1.20.1)...
[!][12:29:50 AM] Kicked: {"extra":[{"bold":true,"color":"yellow","text":"Check!"},"\n\n",{"color":"gold","extra":[{"color":"gray","text":"Chờ vài giây rồi thử lại.\nNếu bạn nghĩ đây là sai sót, hãy liên hệ quản trị viên."}],"text":"Bạn reconnect quá nhanh, vui lòng đợi.\n"}],"text":""}
[-][12:29:50 AM] Disconnected. Reconnecting in 20s (fail #2)...
[*][12:30:10 AM] Connecting Sonar -> aquamc.vn:25565 (1.20.1)...
[+][12:30:11 AM] Logged in as Sonar
[CHAT][12:30:11 AM] AQUAMC NETWORK! » Bạn đã vượt qua xác minh. Vui lòng reconnect để vào chơi.
[-][12:30:11 AM] Disconnected. Reconnecting in 15s (fail #1)...
[*][12:30:26 AM] Connecting Sonar -> aquamc.vn:25565 (1.20.1)...
[!][12:30:26 AM] Kicked: {"extra":[{"bold":true,"color":"yellow","text":"Check!"},"\n\n",{"color":"gold","extra":[{"color":"gray","text":"Chờ vài giây rồi thử lại.\nNếu bạn nghĩ đây là sai sót, hãy liên hệ quản trị viên."}],"text":"Bạn reconnect quá nhanh, vui lòng đợi.\n"}],"text":""}
[-][12:30:26 AM] Disconnected. Reconnecting in 20s (fail #2)...
[*][12:30:46 AM] Connecting Sonar -> aquamc.vn:25565 (1.20.1)...
[+][12:30:47 AM] Logged in as Sonar
[CHAT][12:30:47 AM] AQUAMC NETWORK! » Bạn đã vượt qua xác minh. Vui lòng reconnect để vào chơi.
[-][12:30:47 AM] Disconnected. Reconnecting in 15s (fail #1)...
[*][12:31:02 AM] Connecting Sonar -> aquamc.vn:25565 (1.20.1)...
[!][12:31:02 AM] Kicked: {"extra":[{"bold":true,"color":"yellow","text":"Check!"},"\n\n",{"color":"gold","extra":[{"color":"gray","text":"Chờ vài giây rồi thử lại.\nNếu bạn nghĩ đây là sai sót, hãy liên hệ quản trị viên."}],"text":"Bạn reconnect quá nhanh, vui lòng đợi.\n"}],"text":""}
[-][12:31:02 AM] Disconnected. Reconnecting in 20s (fail #2)...
[*][12:31:22 AM] Connecting Sonar -> aquamc.vn:25565 (1.20.1)...
[+][12:31:23 AM] Logged in as Sonar
[CHAT][12:31:23 AM] AQUAMC NETWORK! » Bạn đã vượt qua xác minh. Vui lòng reconnect để vào chơi.
[-][12:31:23 AM] Disconnected. Reconnecting in 15s (fail #1)...
[*][12:31:38 AM] Connecting Sonar -> aquamc.vn:25565 (1.20.1)...
[!][12:31:38 AM] Kicked: {"extra":[{"bold":true,"color":"yellow","text":"Check!"},"\n\n",{"color":"gold","extra":[{"color":"gray","text":"Chờ vài giây rồi thử lại.\nNếu bạn nghĩ đây là sai sót, hãy liên hệ quản trị viên."}],"text":"Bạn reconnect quá nhanh, vui lòng đợi.\n"}],"text":""}
[-][12:31:39 AM] Disconnected. Reconnecting in 20s (fail #2)...
[*][12:31:59 AM] Connecting Sonar -> aquamc.vn:25565 (1.20.1)...
[+][12:31:59 AM] Logged in as Sonar
[CHAT][12:31:59 AM] AQUAMC NETWORK! » Bạn đã vượt qua xác minh. Vui lòng reconnect để vào chơi.
[-][12:31:59 AM] Disconnected. Reconnecting in 15s (fail #1)...
[*][12:32:14 AM] Connecting Sonar -> aquamc.vn:25565 (1.20.1)...
[!][12:32:14 AM] Kicked: {"extra":[{"bold":true,"color":"yellow","text":"Check!"},"\n\n",{"color":"gold","extra":[{"color":"gray","text":"Chờ vài giây rồi thử lại.\nNếu bạn nghĩ đây là sai sót, hãy liên hệ quản trị viên."}],"text":"Bạn reconnect quá nhanh, vui lòng đợi.\n"}],"text":""}
[-][12:32:14 AM] Disconnected. Reconnecting in 20s (fail #2)...
[*][12:32:34 AM] Connecting Sonar -> aquamc.vn:25565 (1.20.1)...
[+][12:32:35 AM] Logged in as Sonar
[CHAT][12:32:35 AM] AQUAMC NETWORK! » Bạn đã vượt qua xác minh. Vui lòng reconnect để vào chơi.
[-][12:32:35 AM] Disconnected. Reconnecting in 15s (fail #1)...
[*][12:32:50 AM] Connecting Sonar -> aquamc.vn:25565 (1.20.1)...
[!][12:32:50 AM] Kicked: {"extra":[{"bold":true,"color":"yellow","text":"Check!"},"\n\n",{"color":"gold","extra":[{"color":"gray","text":"Chờ vài giây rồi thử lại.\nNếu bạn nghĩ đây là sai sót, hãy liên hệ quản trị viên."}],"text":"Bạn reconnect quá nhanh, vui lòng đợi.\n"}],"text":""}
[-][12:32:50 AM] Disconnected. Reconnecting in 20s (fail #2)...
[*][12:33:10 AM] Connecting Sonar -> aquamc.vn:25565 (1.20.1)...
[+][12:33:11 AM] Logged in as Sonar
[CHAT][12:33:11 AM] AQUAMC NETWORK! » Bạn đã vượt qua xác minh. Vui lòng reconnect để vào chơi.
[-][12:33:11 AM] Disconnected. Reconnecting in 15s (fail #1)...
[*][12:33:26 AM] Connecting Sonar -> aquamc.vn:25565 (1.20.1)...
[!][12:33:26 AM] Kicked: {"extra":[{"bold":true,"color":"yellow","text":"Check!"},"\n\n",{"color":"gold","extra":[{"color":"gray","text":"Chờ vài giây rồi thử lại.\nNếu bạn nghĩ đây là sai sót, hãy liên hệ quản trị viên."}],"text":"Bạn reconnect quá nhanh, vui lòng đợi.\n"}],"text":""}
[-][12:33:26 AM] Disconnected. Reconnecting in 20s (fail #2)...
[*][12:33:46 AM] Connecting Sonar -> aquamc.vn:25565 (1.20.1)...
[+][12:33:47 AM] Logged in as Sonar
[CHAT][12:33:47 AM] AQUAMC NETWORK! » Bạn đã vượt qua xác minh. Vui lòng reconnect để vào chơi.
[-][12:33:47 AM] Disconnected. Reconnecting in 15s (fail #1)...
[*][12:34:02 AM] Connecting Sonar -> aquamc.vn:25565 (1.20.1)...
[!][12:34:02 AM] Kicked: {"extra":[{"bold":true,"color":"yellow","text":"Check!"},"\n\n",{"color":"gold","extra":[{"color":"gray","text":"Chờ vài giây rồi thử lại.\nNếu bạn nghĩ đây là sai sót, hãy liên hệ quản trị viên."}],"text":"Bạn reconnect quá nhanh, vui lòng đợi.\n"}],"text":""}
[-][12:34:02 AM] Disconnected. Reconnecting in 20s (fail #2)...
[*][12:34:22 AM] Connecting Sonar -> aquamc.vn:25565 (1.20.1)...
[+][12:34:23 AM] Logged in as Sonar
[CHAT][12:34:23 AM] AQUAMC NETWORK! » Bạn đã vượt qua xác minh. Vui lòng reconnect để vào chơi.
[-][12:34:23 AM] Disconnected. Reconnecting in 15s (fail #1)...
[*][12:34:38 AM] Connecting Sonar -> aquamc.vn:25565 (1.20.1)...
[!][12:34:38 AM] Kicked: {"extra":[{"bold":true,"color":"yellow","text":"Check!"},"\n\n",{"color":"gold","extra":[{"color":"gray","text":"Chờ vài giây rồi thử lại.\nNếu bạn nghĩ đây là sai sót, hãy liên hệ quản trị viên."}],"text":"Bạn reconnect quá nhanh, vui lòng đợi.\n"}],"text":""}
[-][12:34:38 AM] Disconnected. Reconnecting in 20s (fail #2)...
[*][12:34:58 AM] Connecting Sonar -> aquamc.vn:25565 (1.20.1)...
[!][12:34:58 AM] Kicked: {"text":"You are logging in too fast, try again later."}
[-][12:34:58 AM] Disconnected. Reconnecting in 25s (fail #3)...
[*][12:35:23 AM] Connecting Sonar -> aquamc.vn:25565 (1.20.1)...
[!][12:35:24 AM] Kicked: {"extra":[{"bold":true,"color":"yellow","text":"Check!"},"\n\n",{"color":"gold","extra":[{"color":"gray","text":"Chờ vài giây rồi thử lại.\nNếu bạn nghĩ đây là sai sót, hãy liên hệ quản trị viên."}],"text":"Bạn reconnect quá nhanh, vui lòng đợi.\n"}],"text":""}
[-][12:35:24 AM] Disconnected. Reconnecting in 30s (fail #4)...
[*][12:35:54 AM] Connecting Sonar -> aquamc.vn:25565 (1.20.1)...
[+][12:35:54 AM] Logged in as Sonar
[CHAT][12:35:54 AM] AQUAMC NETWORK! » Bạn đã vượt qua xác minh. Vui lòng reconnect để vào chơi.
[-][12:35:54 AM] Disconnected. Reconnecting in 15s (fail #1)...
[*][12:36:09 AM] Connecting Sonar -> aquamc.vn:25565 (1.20.1)...
[!][12:36:09 AM] Kicked: {"extra":[{"bold":true,"color":"yellow","text":"Check!"},"\n\n",{"color":"gold","extra":[{"color":"gray","text":"Chờ vài giây rồi thử lại.\nNếu bạn nghĩ đây là sai sót, hãy liên hệ quản trị viên."}],"text":"Bạn reconnect quá nhanh, vui lòng đợi.\n"}],"text":""}
[-][12:36:09 AM] Disconnected. Reconnecting in 20s (fail #2)...
[*][12:36:29 AM] Connecting Sonar -> aquamc.vn:25565 (1.20.1)...
[+][12:36:30 AM] Logged in as Sonar
[CHAT][12:36:30 AM] AQUAMC NETWORK! » Bạn đã vượt qua xác minh. Vui lòng reconnect để vào chơi.
[-][12:36:30 AM] Disconnected. Reconnecting in 15s (fail #1)...
[*][12:36:45 AM] Connecting Sonar -> aquamc.vn:25565 (1.20.1)...
[!][12:36:45 AM] Kicked: {"extra":[{"bold":true,"color":"yellow","text":"Check!"},"\n\n",{"color":"gold","extra":[{"color":"gray","text":"Chờ vài giây rồi thử lại.\nNếu bạn nghĩ đây là sai sót, hãy liên hệ quản trị viên."}],"text":"Bạn reconnect quá nhanh, vui lòng đợi.\n"}],"text":""}
[-][12:36:45 AM] Disconnected. Reconnecting in 20s (fail #2)...
[*][12:37:05 AM] Connecting Sonar -> aquamc.vn:25565 (1.20.1)...
[+][12:37:06 AM] Logged in as Sonar
[CHAT][12:37:06 AM] AQUAMC NETWORK! » Bạn đã vượt qua xác minh. Vui lòng reconnect để vào chơi.
[-][12:37:06 AM] Disconnected. Reconnecting in 15s (fail #1)...
[*][12:37:21 AM] Connecting Sonar -> aquamc.vn:25565 (1.20.1)...
[!][12:37:21 AM] Kicked: {"extra":[{"bold":true,"color":"yellow","text":"Check!"},"\n\n",{"color":"gold","extra":[{"color":"gray","text":"Chờ vài giây rồi thử lại.\nNếu bạn nghĩ đây là sai sót, hãy liên hệ quản trị viên."}],"text":"Bạn reconnect quá nhanh, vui lòng đợi.\n"}],"text":""}
[-][12:37:21 AM] Disconnected. Reconnecting in 20s (fail #2)...
[*][12:37:41 AM] Connecting Sonar -> aquamc.vn:25565 (1.20.1)...
[+][12:37:42 AM] Logged in as Sonar
[CHAT][12:37:42 AM] AQUAMC NETWORK! » Bạn đã vượt qua xác minh. Vui lòng reconnect để vào chơi.
[-][12:37:42 AM] Disconnected. Reconnecting in 15s (fail #1)...
[*][12:37:57 AM] Connecting Sonar -> aquamc.vn:25565 (1.20.1)...
[!][12:37:57 AM] Kicked: {"extra":[{"bold":true,"color":"yellow","text":"Check!"},"\n\n",{"color":"gold","extra":[{"color":"gray","text":"Chờ vài giây rồi thử lại.\nNếu bạn nghĩ đây là sai sót, hãy liên hệ quản trị viên."}],"text":"Bạn reconnect quá nhanh, vui lòng đợi.\n"}],"text":""}
[-][12:37:57 AM] Disconnected. Reconnecting in 20s (fail #2)...
[*][12:38:17 AM] Connecting Sonar -> aquamc.vn:25565 (1.20.1)...
[!][12:38:17 AM] Kicked: {"extra":[{"bold":true,"color":"yellow","text":"Check!"},"\n\n",{"color":"red","extra":[{"color":"gold","extra":[{"color":"gray","text":"https://discord.gg/QwZAHFwBc9\nNếu bạn nghĩ đây là sai sót, hãy liên hệ quản trị viên."}],"text":"Cần giúp? "}],"text":"Bạn hiện bị chặn truy cập.\nVui lòng thử lại sau vài phút.\n"}],"text":""}
[-][12:38:17 AM] Disconnected. Reconnecting in 25s (fail #3)...
[*][12:38:42 AM] Connecting Sonar -> aquamc.vn:25565 (1.20.1)...
[!][12:38:43 AM] Kicked: {"extra":[{"bold":true,"color":"yellow","text":"Check!"},"\n\n",{"color":"red","extra":[{"color":"gold","extra":[{"color":"gray","text":"https://discord.gg/QwZAHFwBc9\nNếu bạn nghĩ đây là sai sót, hãy liên hệ quản trị viên."}],"text":"Cần giúp? "}],"text":"Bạn hiện bị chặn truy cập.\nVui lòng thử lại sau vài phút.\n"}],"text":""}
[-][12:38:43 AM] Disconnected. Reconnecting in 30s (fail #4)...
[*][12:39:13 AM] Connecting Sonar -> aquamc.vn:25565 (1.20.1)...
[!][12:39:13 AM] Kicked: {"extra":[{"bold":true,"color":"yellow","text":"Check!"},"\n\n",{"color":"red","extra":[{"color":"gold","extra":[{"color":"gray","text":"https://discord.gg/QwZAHFwBc9\nNếu bạn nghĩ đây là sai sót, hãy liên hệ quản trị viên."}],"text":"Cần giúp? "}],"text":"Bạn hiện bị chặn truy cập.\nVui lòng thử lại sau vài phút.\n"}],"text":""}
[-][12:39:13 AM] Disconnected. Reconnecting in 35s (fail #5)...
[*][12:39:48 AM] Connecting Sonar -> aquamc.vn:25565 (1.20.1)...
[!][12:39:48 AM] Kicked: {"extra":[{"bold":true,"color":"yellow","text":"Check!"},"\n\n",{"color":"red","extra":[{"color":"gold","extra":[{"color":"gray","text":"https://discord.gg/QwZAHFwBc9\nNếu bạn nghĩ đây là sai sót, hãy liên hệ quản trị viên."}],"text":"Cần giúp? "}],"text":"Bạn hiện bị chặn truy cập.\nVui lòng thử lại sau vài phút.\n"}],"text":""}
[-][12:39:48 AM] Disconnected. Reconnecting in 40s (fail #6)...
[*][12:40:28 AM] Connecting Sonar -> aquamc.vn:25565 (1.20.1)...
[!][12:40:28 AM] Kicked: {"extra":[{"bold":true,"color":"yellow","text":"Check!"},"\n\n",{"color":"red","extra":[{"color":"gold","extra":[{"color":"gray","text":"https://discord.gg/QwZAHFwBc9\nNếu bạn nghĩ đây là sai sót, hãy liên hệ quản trị viên."}],"text":"Cần giúp? "}],"text":"Bạn hiện bị chặn truy cập.\nVui lòng thử lại sau vài phút.\n"}],"text":""}
[-][12:40:28 AM] Disconnected. Reconnecting in 45s (fail #7)...
[*][12:41:13 AM] Connecting Sonar -> aquamc.vn:25565 (1.20.1)...
[!][12:41:13 AM] Kicked: {"extra":[{"bold":true,"color":"yellow","text":"Check!"},"\n\n",{"color":"red","extra":[{"color":"gold","extra":[{"color":"gray","text":"https://discord.gg/QwZAHFwBc9\nNếu bạn nghĩ đây là sai sót, hãy liên hệ quản trị viên."}],"text":"Cần giúp? "}],"text":"Bạn hiện bị chặn truy cập.\nVui lòng thử lại sau vài phút.\n"}],"text":""}
[-][12:41:13 AM] Disconnected. Reconnecting in 50s (fail #8)...
[*][12:42:03 AM] Connecting Sonar -> aquamc.vn:25565 (1.20.1)...
[!][12:42:03 AM] Kicked: {"extra":[{"bold":true,"color":"yellow","text":"Check!"},"\n\n",{"color":"red","extra":[{"color":"gold","extra":[{"color":"gray","text":"https://discord.gg/QwZAHFwBc9\nNếu bạn nghĩ đây là sai sót, hãy liên hệ quản trị viên."}],"text":"Cần giúp? "}],"text":"Bạn hiện bị chặn truy cập.\nVui lòng thử lại sau vài phút.\n"}],"text":""}
[-][12:42:03 AM] Disconnected. Reconnecting in 55s (fail #9)...
[*][12:42:58 AM] Connecting Sonar -> aquamc.vn:25565 (1.20.1)...
[!][12:42:58 AM] Kicked: {"extra":[{"bold":true,"color":"yellow","text":"Check!"},"\n\n",{"color":"red","extra":[{"color":"gold","extra":[{"color":"gray","text":"https://discord.gg/QwZAHFwBc9\nNếu bạn nghĩ đây là sai sót, hãy liên hệ quản trị viên."}],"text":"Cần giúp? "}],"text":"Bạn hiện bị chặn truy cập.\nVui lòng thử lại sau vài phút.\n"}],"text":""}
[-][12:42:58 AM] Disconnected. Reconnecting in 60s (fail #10)...
[*][12:43:58 AM] Connecting Sonar -> aquamc.vn:25565 (1.20.1)...
[!][12:43:58 AM] Kicked: {"extra":[{"bold":true,"color":"yellow","text":"Check!"},"\n\n",{"color":"red","extra":[{"color":"gold","extra":[{"color":"gray","text":"https://discord.gg/QwZAHFwBc9\nNếu bạn nghĩ đây là sai sót, hãy liên hệ quản trị viên."}],"text":"Cần giúp? "}],"text":"Bạn hiện bị chặn truy cập.\nVui lòng thử lại sau vài phút.\n"}],"text":""}
[-][12:43:58 AM] Disconnected. Reconnecting in 60s (fail #11)...
[*][12:44:58 AM] Connecting Sonar -> aquamc.vn:25565 (1.20.1)...
[!][12:44:58 AM] Kicked: {"extra":[{"bold":true,"color":"yellow","text":"Check!"},"\n\n",{"color":"red","extra":[{"color":"gold","extra":[{"color":"gray","text":"https://discord.gg/QwZAHFwBc9\nNếu bạn nghĩ đây là sai sót, hãy liên hệ quản trị viên."}],"text":"Cần giúp? "}],"text":"Bạn hiện bị chặn truy cập.\nVui lòng thử lại sau vài phút.\n"}],"text":""}
[-][12:44:58 AM] Disconnected. Reconnecting in 60s (fail #12)...
[*][12:45:58 AM] Connecting Sonar -> aquamc.vn:25565 (1.20.1)...
[!][12:45:59 AM] Kicked: {"extra":[{"bold":true,"color":"yellow","text":"Check!"},"\n\n",{"color":"red","extra":[{"color":"gold","extra":[{"color":"gray","text":"https://discord.gg/QwZAHFwBc9\nNếu bạn nghĩ đây là sai sót, hãy liên hệ quản trị viên."}],"text":"Cần giúp? "}],"text":"Bạn hiện bị chặn truy cập.\nVui lòng thử lại sau vài phút.\n"}],"text":""}
[-][12:45:59 AM] Disconnected. Reconnecting in 60s (fail #13)...
[*][12:46:59 AM] Connecting Sonar -> aquamc.vn:25565 (1.20.1)...
[!][12:46:59 AM] Kicked: {"extra":[{"bold":true,"color":"yellow","text":"Check!"},"\n\n",{"color":"red","extra":[{"color":"gold","extra":[{"color":"gray","text":"https://discord.gg/QwZAHFwBc9\nNếu bạn nghĩ đây là sai sót, hãy liên hệ quản trị viên."}],"text":"Cần giúp? "}],"text":"Bạn hiện bị chặn truy cập.\nVui lòng thử lại sau vài phút.\n"}],"text":""}
[-][12:46:59 AM] Disconnected. Reconnecting in 60s (fail #14)...
[*][12:47:59 AM] Connecting Sonar -> aquamc.vn:25565 (1.20.1)...
[!][12:47:59 AM] Kicked: {"extra":[{"bold":true,"color":"yellow","text":"Check!"},"\n\n",{"color":"red","extra":[{"color":"gold","extra":[{"color":"gray","text":"https://discord.gg/QwZAHFwBc9\nNếu bạn nghĩ đây là sai sót, hãy liên hệ quản trị viên."}],"text":"Cần giúp? "}],"text":"Bạn hiện bị chặn truy cập.\nVui lòng thử lại sau vài phút.\n"}],"text":""}
[-][12:47:59 AM] Disconnected. Reconnecting in 60s (fail #15)...
[*][12:48:59 AM] Connecting Sonar -> aquamc.vn:25565 (1.20.1)...
[!][12:48:59 AM] Kicked: {"extra":[{"bold":true,"color":"yellow","text":"Check!"},"\n\n",{"color":"red","extra":[{"color":"gold","extra":[{"color":"gray","text":"https://discord.gg/QwZAHFwBc9\nNếu bạn nghĩ đây là sai sót, hãy liên hệ quản trị viên."}],"text":"Cần giúp? "}],"text":"Bạn hiện bị chặn truy cập.\nVui lòng thử lại sau vài phút.\n"}],"text":""}
[-][12:48:59 AM] Disconnected. Reconnecting in 60s (fail #16)...
[*][12:49:59 AM] Connecting Sonar -> aquamc.vn:25565 (1.20.1)...
[!][12:49:59 AM] Kicked: {"extra":[{"bold":true,"color":"yellow","text":"Check!"},"\n\n",{"color":"red","extra":[{"color":"gold","extra":[{"color":"gray","text":"https://discord.gg/QwZAHFwBc9\nNếu bạn nghĩ đây là sai sót, hãy liên hệ quản trị viên."}],"text":"Cần giúp? "}],"text":"Bạn hiện bị chặn truy cập.\nVui lòng thử lại sau vài phút.\n"}],"text":""}
[-][12:49:59 AM] Disconnected. Reconnecting in 60s (fail #17)...
[*][12:50:59 AM] Connecting Sonar -> aquamc.vn:25565 (1.20.1)...
[!][12:50:59 AM] Kicked: {"extra":[{"bold":true,"color":"yellow","text":"Check!"},"\n\n",{"color":"red","extra":[{"color":"gold","extra":[{"color":"gray","text":"https://discord.gg/QwZAHFwBc9\nNếu bạn nghĩ đây là sai sót, hãy liên hệ quản trị viên."}],"text":"Cần giúp? "}],"text":"Bạn hiện bị chặn truy cập.\nVui lòng thử lại sau vài phút.\n"}],"text":""}
[-][12:50:59 AM] Disconnected. Reconnecting in 60s (fail #18)...
[*][12:51:59 AM] Connecting Sonar -> aquamc.vn:25565 (1.20.1)...
[!][12:51:59 AM] Kicked: {"extra":[{"bold":true,"color":"yellow","text":"Check!"},"\n\n",{"color":"red","extra":[{"color":"gold","extra":[{"color":"gray","text":"https://discord.gg/QwZAHFwBc9\nNếu bạn nghĩ đây là sai sót, hãy liên hệ quản trị viên."}],"text":"Cần giúp? "}],"text":"Bạn hiện bị chặn truy cập.\nVui lòng thử lại sau vài phút.\n"}],"text":""}
[-][12:51:59 AM] Disconnected. Reconnecting in 60s (fail #19)...
[*][12:53:00 AM] Connecting Sonar -> aquamc.vn:25565 (1.20.1)...
[!][12:53:00 AM] Kicked: {"extra":[{"bold":true,"color":"yellow","text":"Check!"},"\n\n",{"color":"red","extra":[{"color":"gold","extra":[{"color":"gray","text":"https://discord.gg/QwZAHFwBc9\nNếu bạn nghĩ đây là sai sót, hãy liên hệ quản trị viên."}],"text":"Cần giúp? "}],"text":"Bạn hiện bị chặn truy cập.\nVui lòng thử lại sau vài phút.\n"}],"text":""}
[-][12:53:00 AM] Disconnected. Reconnecting in 60s (fail #20)...
[*][12:54:00 AM] Connecting Sonar -> aquamc.vn:25565 (1.20.1)...
[+][12:54:00 AM] Logged in as Sonar
[CHAT][12:54:00 AM] AQUAMC NETWORK! » Bạn đã vượt qua xác minh. Vui lòng reconnect để vào chơi.
[-][12:54:00 AM] Disconnected. Reconnecting in 15s (fail #1)...
[*][12:54:15 AM] Connecting Sonar -> aquamc.vn:25565 (1.20.1)...
[!][12:54:15 AM] Kicked: {"extra":[{"bold":true,"color":"yellow","text":"Check!"},"\n\n",{"color":"gold","extra":[{"color":"gray","text":"Chờ vài giây rồi thử lại.\nNếu bạn nghĩ đây là sai sót, hãy liên hệ quản trị viên."}],"text":"Bạn reconnect quá nhanh, vui lòng đợi.\n"}],"text":""}
[-][12:54:15 AM] Disconnected. Reconnecting in 20s (fail #2)...
[*][12:54:35 AM] Connecting Sonar -> aquamc.vn:25565 (1.20.1)...
[+][12:54:36 AM] Logged in as Sonar
[CHAT][12:54:36 AM] AQUAMC NETWORK! » Bạn đã vượt qua xác minh. Vui lòng reconnect để vào chơi.
[-][12:54:36 AM] Disconnected. Reconnecting in 15s (fail #1)...
[*][12:54:51 AM] Connecting Sonar -> aquamc.vn:25565 (1.20.1)...
[!][12:54:51 AM] Kicked: {"extra":[{"bold":true,"color":"yellow","text":"Check!"},"\n\n",{"color":"gold","extra":[{"color":"gray","text":"Chờ vài giây rồi thử lại.\nNếu bạn nghĩ đây là sai sót, hãy liên hệ quản trị viên."}],"text":"Bạn reconnect quá nhanh, vui lòng đợi.\n"}],"text":""}
[-][12:54:51 AM] Disconnected. Reconnecting in 20s (fail #2)...
[*][12:55:11 AM] Connecting Sonar -> aquamc.vn:25565 (1.20.1)...
[+][12:55:12 AM] Logged in as Sonar
[CHAT][12:55:12 AM] AQUAMC NETWORK! » Bạn đã vượt qua xác minh. Vui lòng reconnect để vào chơi.
[-][12:55:12 AM] Disconnected. Reconnecting in 15s (fail #1)...
[*][12:55:27 AM] Connecting Sonar -> aquamc.vn:25565 (1.20.1)...
[!][12:55:27 AM] Kicked: {"extra":[{"bold":true,"color":"yellow","text":"Check!"},"\n\n",{"color":"gold","extra":[{"color":"gray","text":"Chờ vài giây rồi thử lại.\nNếu bạn nghĩ đây là sai sót, hãy liên hệ quản trị viên."}],"text":"Bạn reconnect quá nhanh, vui lòng đợi.\n"}],"text":""}
[-][12:55:27 AM] Disconnected. Reconnecting in 20s (fail #2)...
[*][12:55:47 AM] Connecting Sonar -> aquamc.vn:25565 (1.20.1)...
[+][12:55:48 AM] Logged in as Sonar
[CHAT][12:55:48 AM] AQUAMC NETWORK! » Bạn đã vượt qua xác minh. Vui lòng reconnect để vào chơi.
[-][12:55:48 AM] Disconnected. Reconnecting in 15s (fail #1)...
[*][12:56:03 AM] Connecting Sonar -> aquamc.vn:25565 (1.20.1)...
[!][12:56:03 AM] Kicked: {"extra":[{"bold":true,"color":"yellow","text":"Check!"},"\n\n",{"color":"gold","extra":[{"color":"gray","text":"Chờ vài giây rồi thử lại.\nNếu bạn nghĩ đây là sai sót, hãy liên hệ quản trị viên."}],"text":"Bạn reconnect quá nhanh, vui lòng đợi.\n"}],"text":""}
[-][12:56:03 AM] Disconnected. Reconnecting in 20s (fail #2)...
[*][12:56:23 AM] Connecting Sonar -> aquamc.vn:25565 (1.20.1)...
[+][12:56:24 AM] Logged in as Sonar
[CHAT][12:56:24 AM] AQUAMC NETWORK! » Bạn đã vượt qua xác minh. Vui lòng reconnect để vào chơi.
[-][12:56:24 AM] Disconnected. Reconnecting in 15s (fail #1)...
[*][12:56:39 AM] Connecting Sonar -> aquamc.vn:25565 (1.20.1)...
[!][12:56:39 AM] Kicked: {"extra":[{"bold":true,"color":"yellow","text":"Check!"},"\n\n",{"color":"gold","extra":[{"color":"gray","text":"Chờ vài giây rồi thử lại.\nNếu bạn nghĩ đây là sai sót, hãy liên hệ quản trị viên."}],"text":"Bạn reconnect quá nhanh, vui lòng đợi.\n"}],"text":""}
[-][12:56:39 AM] Disconnected. Reconnecting in 20s (fail #2)...
[*][12:56:59 AM] Connecting Sonar -> aquamc.vn:25565 (1.20.1)...
[+][12:57:00 AM] Logged in as Sonar
[CHAT][12:57:00 AM] AQUAMC NETWORK! » Bạn đã vượt qua xác minh. Vui lòng reconnect để vào chơi.
[-][12:57:00 AM] Disconnected. Reconnecting in 15s (fail #1)...
[*][12:57:15 AM] Connecting Sonar -> aquamc.vn:25565 (1.20.1)...
[!][12:57:15 AM] Kicked: {"extra":[{"bold":true,"color":"yellow","text":"Check!"},"\n\n",{"color":"gold","extra":[{"color":"gray","text":"Chờ vài giây rồi thử lại.\nNếu bạn nghĩ đây là sai sót, hãy liên hệ quản trị viên."}],"text":"Bạn reconnect quá nhanh, vui lòng đợi.\n"}],"text":""}
[-][12:57:15 AM] Disconnected. Reconnecting in 20s (fail #2)...
[*][12:57:35 AM] Connecting Sonar -> aquamc.vn:25565 (1.20.1)...
[+][12:57:36 AM] Logged in as Sonar
[CHAT][12:57:36 AM] AQUAMC NETWORK! » Bạn đã vượt qua xác minh. Vui lòng reconnect để vào chơi.
[-][12:57:36 AM] Disconnected. Reconnecting in 15s (fail #1)...
[*][12:57:51 AM] Connecting Sonar -> aquamc.vn:25565 (1.20.1)...
[!][12:57:51 AM] Kicked: {"extra":[{"bold":true,"color":"yellow","text":"Check!"},"\n\n",{"color":"gold","extra":[{"color":"gray","text":"Chờ vài giây rồi thử lại.\nNếu bạn nghĩ đây là sai sót, hãy liên hệ quản trị viên."}],"text":"Bạn reconnect quá nhanh, vui lòng đợi.\n"}],"text":""}
[-][12:57:51 AM] Disconnected. Reconnecting in 20s (fail #2)...
[*][12:58:11 AM] Connecting Sonar -> aquamc.vn:25565 (1.20.1)...
[+][12:58:12 AM] Logged in as Sonar
[CHAT][12:58:12 AM] AQUAMC NETWORK! » Bạn đã vượt qua xác minh. Vui lòng reconnect để vào chơi.
[-][12:58:12 AM] Disconnected. Reconnecting in 15s (fail #1)...
[*][12:58:27 AM] Connecting Sonar -> aquamc.vn:25565 (1.20.1)...
[!][12:58:27 AM] Kicked: {"extra":[{"bold":true,"color":"yellow","text":"Check!"},"\n\n",{"color":"gold","extra":[{"color":"gray","text":"Chờ vài giây rồi thử lại.\nNếu bạn nghĩ đây là sai sót, hãy liên hệ quản trị viên."}],"text":"Bạn reconnect quá nhanh, vui lòng đợi.\n"}],"text":""}
[-][12:58:27 AM] Disconnected. Reconnecting in 20s (fail #2)...
[*][12:58:47 AM] Connecting Sonar -> aquamc.vn:25565 (1.20.1)...
[+][12:58:48 AM] Logged in as Sonar
[CHAT][12:58:48 AM] AQUAMC NETWORK! » Bạn đã vượt qua xác minh. Vui lòng reconnect để vào chơi.
[-][12:58:48 AM] Disconnected. Reconnecting in 15s (fail #1)...
[*][12:59:03 AM] Connecting Sonar -> aquamc.vn:25565 (1.20.1)...
[!][12:59:03 AM] Kicked: {"extra":[{"bold":true,"color":"yellow","text":"Check!"},"\n\n",{"color":"gold","extra":[{"color":"gray","text":"Chờ vài giây rồi thử lại.\nNếu bạn nghĩ đây là sai sót, hãy liên hệ quản trị viên."}],"text":"Bạn reconnect quá nhanh, vui lòng đợi.\n"}],"text":""}
[-][12:59:03 AM] Disconnected. Reconnecting in 20s (fail #2)...
[*][12:59:23 AM] Connecting Sonar -> aquamc.vn:25565 (1.20.1)...
[+][12:59:24 AM] Logged in as Sonar
[CHAT][12:59:24 AM] AQUAMC NETWORK! » Bạn đã vượt qua xác minh. Vui lòng reconnect để vào chơi.
[-][12:59:24 AM] Disconnected. Reconnecting in 15s (fail #1)...
[*][12:59:39 AM] Connecting Sonar -> aquamc.vn:25565 (1.20.1)...
[!][12:59:39 AM] Kicked: {"extra":[{"bold":true,"color":"yellow","text":"Check!"},"\n\n",{"color":"gold","extra":[{"color":"gray","text":"Chờ vài giây rồi thử lại.\nNếu bạn nghĩ đây là sai sót, hãy liên hệ quản trị viên."}],"text":"Bạn reconnect quá nhanh, vui lòng đợi.\n"}],"text":""}
[-][12:59:39 AM] Disconnected. Reconnecting in 20s (fail #2)...
[*][12:59:59 AM] Connecting Sonar -> aquamc.vn:25565 (1.20.1)...
[+][1:00:00 AM] Logged in as Sonar
[CHAT][1:00:00 AM] AQUAMC NETWORK! » Bạn đã vượt qua xác minh. Vui lòng reconnect để vào chơi.
[-][1:00:00 AM] Disconnected. Reconnecting in 15s (fail #1)...
[*][1:00:15 AM] Connecting Sonar -> aquamc.vn:25565 (1.20.1)...
[!][1:00:15 AM] Kicked: {"extra":[{"bold":true,"color":"yellow","text":"Check!"},"\n\n",{"color":"gold","extra":[{"color":"gray","text":"Chờ vài giây rồi thử lại.\nNếu bạn nghĩ đây là sai sót, hãy liên hệ quản trị viên."}],"text":"Bạn reconnect quá nhanh, vui lòng đợi.\n"}],"text":""}
[-][1:00:15 AM] Disconnected. Reconnecting in 20s (fail #2)...
[*][1:00:35 AM] Connecting Sonar -> aquamc.vn:25565 (1.20.1)...
[+][1:00:36 AM] Logged in as Sonar
[CHAT][1:00:36 AM] AQUAMC NETWORK! » Bạn đã vượt qua xác minh. Vui lòng reconnect để vào chơi.
[-][1:00:36 AM] Disconnected. Reconnecting in 15s (fail #1)...
[*][1:00:51 AM] Connecting Sonar -> aquamc.vn:25565 (1.20.1)...
[!][1:00:51 AM] Kicked: {"extra":[{"bold":true,"color":"yellow","text":"Check!"},"\n\n",{"color":"gold","extra":[{"color":"gray","text":"Chờ vài giây rồi thử lại.\nNếu bạn nghĩ đây là sai sót, hãy liên hệ quản trị viên."}],"text":"Bạn reconnect quá nhanh, vui lòng đợi.\n"}],"text":""}
[-][1:00:51 AM] Disconnected. Reconnecting in 20s (fail #2)...
[*][1:01:11 AM] Connecting Sonar -> aquamc.vn:25565 (1.20.1)...
[+][1:01:12 AM] Logged in as Sonar
[CHAT][1:01:12 AM] AQUAMC NETWORK! » Bạn đã vượt qua xác minh. Vui lòng reconnect để vào chơi.
[-][1:01:12 AM] Disconnected. Reconnecting in 15s (fail #1)...
[*][1:01:27 AM] Connecting Sonar -> aquamc.vn:25565 (1.20.1)...
[!][1:01:27 AM] Kicked: {"extra":[{"bold":true,"color":"yellow","text":"Check!"},"\n\n",{"color":"gold","extra":[{"color":"gray","text":"Chờ vài giây rồi thử lại.\nNếu bạn nghĩ đây là sai sót, hãy liên hệ quản trị viên."}],"text":"Bạn reconnect quá nhanh, vui lòng đợi.\n"}],"text":""}
[-][1:01:27 AM] Disconnected. Reconnecting in 20s (fail #2)...
[*][1:01:47 AM] Connecting Sonar -> aquamc.vn:25565 (1.20.1)...
[+][1:01:48 AM] Logged in as Sonar
[CHAT][1:01:48 AM] AQUAMC NETWORK! » Bạn đã vượt qua xác minh. Vui lòng reconnect để vào chơi.
[-][1:01:48 AM] Disconnected. Reconnecting in 15s (fail #1)...
[*][1:02:03 AM] Connecting Sonar -> aquamc.vn:25565 (1.20.1)...
[!][1:02:03 AM] Kicked: {"extra":[{"bold":true,"color":"yellow","text":"Check!"},"\n\n",{"color":"gold","extra":[{"color":"gray","text":"Chờ vài giây rồi thử lại.\nNếu bạn nghĩ đây là sai sót, hãy liên hệ quản trị viên."}],"text":"Bạn reconnect quá nhanh, vui lòng đợi.\n"}],"text":""}
[-][1:02:03 AM] Disconnected. Reconnecting in 20s (fail #2)...
[*][1:02:23 AM] Connecting Sonar -> aquamc.vn:25565 (1.20.1)...
[+][1:02:24 AM] Logged in as Sonar
[CHAT][1:02:24 AM] AQUAMC NETWORK! » Bạn đã vượt qua xác minh. Vui lòng reconnect để vào chơi.
[-][1:02:24 AM] Disconnected. Reconnecting in 15s (fail #1)...
[*][1:02:39 AM] Connecting Sonar -> aquamc.vn:25565 (1.20.1)...
[!][1:02:39 AM] Kicked: {"extra":[{"bold":true,"color":"yellow","text":"Check!"},"\n\n",{"color":"gold","extra":[{"color":"gray","text":"Chờ vài giây rồi thử lại.\nNếu bạn nghĩ đây là sai sót, hãy liên hệ quản trị viên."}],"text":"Bạn reconnect quá nhanh, vui lòng đợi.\n"}],"text":""}
[-][1:02:39 AM] Disconnected. Reconnecting in 20s (fail #2)...
